Archive member included to satisfy reference by file (symbol)

e:/gcc toolchain/5.4 2016q3/bin/../lib/gcc/arm-none-eabi/5.4.1/../../../../arm-none-eabi/lib/armv7e-m/fpu\libm.a(lib_a-w_atan2.o)
                              ..\obj\main.o (atan2)
e:/gcc toolchain/5.4 2016q3/bin/../lib/gcc/arm-none-eabi/5.4.1/../../../../arm-none-eabi/lib/armv7e-m/fpu\libm.a(lib_a-w_pow.o)
                              ..\obj\main.o (pow)
e:/gcc toolchain/5.4 2016q3/bin/../lib/gcc/arm-none-eabi/5.4.1/../../../../arm-none-eabi/lib/armv7e-m/fpu\libm.a(lib_a-w_sqrt.o)
                              ..\obj\main.o (sqrt)
e:/gcc toolchain/5.4 2016q3/bin/../lib/gcc/arm-none-eabi/5.4.1/../../../../arm-none-eabi/lib/armv7e-m/fpu\libm.a(lib_a-e_atan2.o)
                              e:/gcc toolchain/5.4 2016q3/bin/../lib/gcc/arm-none-eabi/5.4.1/../../../../arm-none-eabi/lib/armv7e-m/fpu\libm.a(lib_a-w_atan2.o) (__ieee754_atan2)
e:/gcc toolchain/5.4 2016q3/bin/../lib/gcc/arm-none-eabi/5.4.1/../../../../arm-none-eabi/lib/armv7e-m/fpu\libm.a(lib_a-e_pow.o)
                              e:/gcc toolchain/5.4 2016q3/bin/../lib/gcc/arm-none-eabi/5.4.1/../../../../arm-none-eabi/lib/armv7e-m/fpu\libm.a(lib_a-w_pow.o) (__ieee754_pow)
e:/gcc toolchain/5.4 2016q3/bin/../lib/gcc/arm-none-eabi/5.4.1/../../../../arm-none-eabi/lib/armv7e-m/fpu\libm.a(lib_a-e_sqrt.o)
                              e:/gcc toolchain/5.4 2016q3/bin/../lib/gcc/arm-none-eabi/5.4.1/../../../../arm-none-eabi/lib/armv7e-m/fpu\libm.a(lib_a-w_sqrt.o) (__ieee754_sqrt)
e:/gcc toolchain/5.4 2016q3/bin/../lib/gcc/arm-none-eabi/5.4.1/../../../../arm-none-eabi/lib/armv7e-m/fpu\libm.a(lib_a-s_atan.o)
                              e:/gcc toolchain/5.4 2016q3/bin/../lib/gcc/arm-none-eabi/5.4.1/../../../../arm-none-eabi/lib/armv7e-m/fpu\libm.a(lib_a-e_atan2.o) (atan)
e:/gcc toolchain/5.4 2016q3/bin/../lib/gcc/arm-none-eabi/5.4.1/../../../../arm-none-eabi/lib/armv7e-m/fpu\libm.a(lib_a-s_fabs.o)
                              e:/gcc toolchain/5.4 2016q3/bin/../lib/gcc/arm-none-eabi/5.4.1/../../../../arm-none-eabi/lib/armv7e-m/fpu\libm.a(lib_a-e_atan2.o) (fabs)
e:/gcc toolchain/5.4 2016q3/bin/../lib/gcc/arm-none-eabi/5.4.1/../../../../arm-none-eabi/lib/armv7e-m/fpu\libm.a(lib_a-s_finite.o)
                              e:/gcc toolchain/5.4 2016q3/bin/../lib/gcc/arm-none-eabi/5.4.1/../../../../arm-none-eabi/lib/armv7e-m/fpu\libm.a(lib_a-w_pow.o) (finite)
e:/gcc toolchain/5.4 2016q3/bin/../lib/gcc/arm-none-eabi/5.4.1/../../../../arm-none-eabi/lib/armv7e-m/fpu\libm.a(lib_a-s_lib_ver.o)
                              e:/gcc toolchain/5.4 2016q3/bin/../lib/gcc/arm-none-eabi/5.4.1/../../../../arm-none-eabi/lib/armv7e-m/fpu\libm.a(lib_a-w_pow.o) (__fdlib_version)
e:/gcc toolchain/5.4 2016q3/bin/../lib/gcc/arm-none-eabi/5.4.1/../../../../arm-none-eabi/lib/armv7e-m/fpu\libm.a(lib_a-s_matherr.o)
                              e:/gcc toolchain/5.4 2016q3/bin/../lib/gcc/arm-none-eabi/5.4.1/../../../../arm-none-eabi/lib/armv7e-m/fpu\libm.a(lib_a-w_pow.o) (matherr)
e:/gcc toolchain/5.4 2016q3/bin/../lib/gcc/arm-none-eabi/5.4.1/../../../../arm-none-eabi/lib/armv7e-m/fpu\libm.a(lib_a-s_nan.o)
                              e:/gcc toolchain/5.4 2016q3/bin/../lib/gcc/arm-none-eabi/5.4.1/../../../../arm-none-eabi/lib/armv7e-m/fpu\libm.a(lib_a-e_pow.o) (nan)
e:/gcc toolchain/5.4 2016q3/bin/../lib/gcc/arm-none-eabi/5.4.1/../../../../arm-none-eabi/lib/armv7e-m/fpu\libm.a(lib_a-s_rint.o)
                              e:/gcc toolchain/5.4 2016q3/bin/../lib/gcc/arm-none-eabi/5.4.1/../../../../arm-none-eabi/lib/armv7e-m/fpu\libm.a(lib_a-w_pow.o) (rint)
e:/gcc toolchain/5.4 2016q3/bin/../lib/gcc/arm-none-eabi/5.4.1/../../../../arm-none-eabi/lib/armv7e-m/fpu\libm.a(lib_a-s_scalbn.o)
                              e:/gcc toolchain/5.4 2016q3/bin/../lib/gcc/arm-none-eabi/5.4.1/../../../../arm-none-eabi/lib/armv7e-m/fpu\libm.a(lib_a-e_pow.o) (scalbn)
e:/gcc toolchain/5.4 2016q3/bin/../lib/gcc/arm-none-eabi/5.4.1/../../../../arm-none-eabi/lib/armv7e-m/fpu\libm.a(lib_a-s_copysign.o)
                              e:/gcc toolchain/5.4 2016q3/bin/../lib/gcc/arm-none-eabi/5.4.1/../../../../arm-none-eabi/lib/armv7e-m/fpu\libm.a(lib_a-s_scalbn.o) (copysign)
..\..\..\..\..\..\gcc toolchain\5.4 2016q3\lib\gcc\arm-none-eabi\5.4.1\armv7e-m\fpu\fpv5-d16\libgcc.a(_arm_addsubdf3.o)
                              ..\obj\main.o (__aeabi_dsub)
..\..\..\..\..\..\gcc toolchain\5.4 2016q3\lib\gcc\arm-none-eabi\5.4.1\armv7e-m\fpu\fpv5-d16\libgcc.a(_arm_muldivdf3.o)
                              ..\obj\main.o (__aeabi_dmul)
..\..\..\..\..\..\gcc toolchain\5.4 2016q3\lib\gcc\arm-none-eabi\5.4.1\armv7e-m\fpu\fpv5-d16\libgcc.a(_arm_cmpdf2.o)
                              ..\obj\tm_stm32f4_timer_properties.o (__aeabi_dcmpeq)
..\..\..\..\..\..\gcc toolchain\5.4 2016q3\lib\gcc\arm-none-eabi\5.4.1\armv7e-m\fpu\fpv5-d16\libgcc.a(_arm_unorddf2.o)
[...]
Memory Configuration

Name             Origin             Length             Attributes
rom              0x08000000         0x00100000         xr
ram              0x20000000         0x00020000         xrw
ram1             0x10000000         0x00010000         xrw
*default*        0x00000000         0xffffffff

Linker script and memory map

                0x20020000                _eram = 0x20020000

.text           0x08000000     0xc9bd
 *(.isr_vector)
 .isr_vector    0x08000000      0x188 ..\obj\startup_stm32f4xx.o
                0x08000000                g_pfnVectors
 *(.text*)
 .text.SYSCFG_EXTILineConfig
                0x08000188       0x84 ..\obj\stm32f4xx_syscfg.o
                0x08000188                SYSCFG_EXTILineConfig
 .text.Delay    0x0800020c       0x40 ..\obj\tm_stm32f4_hd44780.o
 .text.TM_HD44780_Init
                0x0800024c       0xd0 ..\obj\tm_stm32f4_hd44780.o
                0x0800024c                TM_HD44780_Init
 .text.TM_HD44780_Clear
                0x0800031c       0x18 ..\obj\tm_stm32f4_hd44780.o
                0x0800031c                TM_HD44780_Clear
 .text.lcd_write
                0x08000334       0xa4 ..\obj\tm_stm32f4_hd44780.o
                0x08000334                lcd_write
 .text.TM_HD44780_DisplayOn
                0x080003d8       0x2c ..\obj\tm_stm32f4_hd44780.o
                0x080003d8                TM_HD44780_DisplayOn
 .text.TM_HD44780_CursorOn
                0x08000404       0x2c ..\obj\tm_stm32f4_hd44780.o
                0x08000404                TM_HD44780_CursorOn
 .text.TM_HD44780_CursorSet
                0x08000430       0x68 ..\obj\tm_stm32f4_hd44780.o
                0x08000430                TM_HD44780_CursorSet
 .text.TM_HD44780_Cmd
                0x08000498       0x38 ..\obj\tm_stm32f4_hd44780.o
 .text.TM_HD44780_Data
                0x080004d0       0x38 ..\obj\tm_stm32f4_hd44780.o
 .text.TM_HD44780_Cmd4bit
                0x08000508       0xa4 ..\obj\tm_stm32f4_hd44780.o
 .text.TM_HD44780_InitPins
                0x080005ac       0xc4 ..\obj\tm_stm32f4_hd44780.o
 .text.USART_Init
                0x08000670      0x174 ..\obj\stm32f4xx_usart.o
                0x08000670                USART_Init
 .text.USART_Cmd
                0x080007e4       0x40 ..\obj\stm32f4xx_usart.o
                0x080007e4                USART_Cmd
 .text.USART_SendData
                0x08000824       0x24 ..\obj\stm32f4xx_usart.o
                0x08000824                USART_SendData
 .text.USART_ReceiveData
                0x08000848       0x20 ..\obj\stm32f4xx_usart.o
                0x08000848                USART_ReceiveData
 .text.USART_ITConfig
                0x08000868       0x90 ..\obj\stm32f4xx_usart.o
                0x08000868                USART_ITConfig
 .text.USART_GetFlagStatus
                0x080008f8       0x38 ..\obj\stm32f4xx_usart.o
                0x080008f8                USART_GetFlagStatus
 .text.USART_GetITStatus
                0x08000930       0xb8 ..\obj\stm32f4xx_usart.o
                0x08000930                USART_GetITStatus
 .text.TimeTickDec
                0x080009e8       0x28 ..\obj\my_delay.o
                0x080009e8                TimeTickDec
 .text.delay_ms
                0x08000a10       0x2c ..\obj\my_delay.o
                0x08000a10                delay_ms
 .text.Default_Reset_Handler
                0x08000a3c       0x6c ..\obj\startup_stm32f4xx.o
                0x08000a3c                Default_Reset_Handler
                0x08000a3c                Reset_Handler
 .text.Default_Handler
                0x08000aa8        0x8 ..\obj\startup_stm32f4xx.o
                0x08000aa8                RTC_Alarm_IRQHandler
                0x08000aa8                HASH_RNG_IRQHandler
                0x08000aa8                EXTI2_IRQHandler
                0x08000aa8                TIM8_CC_IRQHandler
                0x08000aa8                DebugMon_Handler
                0x08000aa8                TIM1_CC_IRQHandler
                0x08000aa8                DMA2_Stream5_IRQHandler
                0x08000aa8                HardFault_Handler
                0x08000aa8                DMA1_Stream5_IRQHandler
                0x08000aa8                PVD_IRQHandler
                0x08000aa8                SDIO_IRQHandler
                0x08000aa8                TAMP_STAMP_IRQHandler
                0x08000aa8                PendSV_Handler
                0x08000aa8                NMI_Handler
                0x08000aa8                CAN2_RX1_IRQHandler
                0x08000aa8                EXTI3_IRQHandler
                0x08000aa8                TIM8_TRG_COM_TIM14_IRQHandler
                0x08000aa8                TIM1_UP_TIM10_IRQHandler
                0x08000aa8                TIM8_UP_TIM13_IRQHandler
                0x08000aa8                I2C3_ER_IRQHandler
                0x08000aa8                EXTI0_IRQHandler
                0x08000aa8                I2C2_EV_IRQHandler
                0x08000aa8                DMA1_Stream2_IRQHandler
                0x08000aa8                CAN1_RX0_IRQHandler
                0x08000aa8                FPU_IRQHandler
                0x08000aa8                OTG_HS_WKUP_IRQHandler
                0x08000aa8                UsageFault_Handler
                0x08000aa8                CAN2_SCE_IRQHandler
                0x08000aa8                DMA2_Stream2_IRQHandler
                0x08000aa8                SPI1_IRQHandler
                0x08000aa8                TIM6_DAC_IRQHandler
                0x08000aa8                TIM1_BRK_TIM9_IRQHandler
                0x08000aa8                DCMI_IRQHandler
                0x08000aa8                CAN2_RX0_IRQHandler
                0x08000aa8                DMA2_Stream3_IRQHandler
                0x08000aa8                CRYP_IRQHandler
                0x08000aa8                CAN1_RX1_IRQHandler
                0x08000aa8                UART5_IRQHandler
                0x08000aa8                DMA2_Stream0_IRQHandler
                0x08000aa8                TIM4_IRQHandler
                0x08000aa8                I2C1_EV_IRQHandler
                0x08000aa8                DMA1_Stream6_IRQHandler
                0x08000aa8                DMA1_Stream1_IRQHandler
                0x08000aa8                UART4_IRQHandler
                0x08000aa8                RCC_IRQHandler
                0x08000aa8                TIM8_BRK_TIM12_IRQHandler
                0x08000aa8                ADC_IRQHandler
                0x08000aa8                DMA1_Stream7_IRQHandler
                0x08000aa8                CAN2_TX_IRQHandler
                0x08000aa8                TIM5_IRQHandler
                0x08000aa8                DMA2_Stream7_IRQHandler
                0x08000aa8                I2C3_EV_IRQHandler
                0x08000aa8                EXTI9_5_IRQHandler
                0x08000aa8                RTC_WKUP_IRQHandler
                0x08000aa8                ETH_WKUP_IRQHandler
                0x08000aa8                SPI2_IRQHandler
                0x08000aa8                OTG_HS_EP1_IN_IRQHandler
                0x08000aa8                MemManage_Handler
                0x08000aa8                DMA1_Stream0_IRQHandler
                0x08000aa8                CAN1_TX_IRQHandler
                0x08000aa8                SVC_Handler
                0x08000aa8                EXTI4_IRQHandler
                0x08000aa8                FSMC_IRQHandler
                0x08000aa8                ETH_IRQHandler
                0x08000aa8                OTG_HS_EP1_OUT_IRQHandler
                0x08000aa8                WWDG_IRQHandler
                0x08000aa8                OTG_FS_WKUP_IRQHandler
                0x08000aa8                TIM1_TRG_COM_TIM11_IRQHandler
                0x08000aa8                OTG_HS_IRQHandler
                0x08000aa8                EXTI1_IRQHandler
                0x08000aa8                I2C2_ER_IRQHandler
                0x08000aa8                DMA2_Stream1_IRQHandler
                0x08000aa8                CAN1_SCE_IRQHandler
                0x08000aa8                FLASH_IRQHandler
                0x08000aa8                DMA2_Stream4_IRQHandler
                0x08000aa8                BusFault_Handler
                0x08000aa8                USART1_IRQHandler
                0x08000aa8                OTG_FS_IRQHandler
                0x08000aa8                SPI3_IRQHandler
                0x08000aa8                DMA1_Stream4_IRQHandler
                0x08000aa8                I2C1_ER_IRQHandler
                0x08000aa8                DMA2_Stream6_IRQHandler
                0x08000aa8                DMA1_Stream3_IRQHandler
 .text.NVIC_SetPriority
                0x08000ab0       0x54 ..\obj\main.o
 .text.SysTick_Config
                0x08000b04       0x44 ..\obj\main.o
 .text.mylcd_clr
                0x08000b48       0x48 ..\obj\main.o
                0x08000b48                mylcd_clr
 .text.get_compass
                0x08000b90      0x1f4 ..\obj\main.o
                0x08000b90                get_compass
 *fill*         0x08000d84        0x4 
 .text.trilaterasi
                0x08000d88      0x320 ..\obj\main.o
                0x08000d88                trilaterasi
 .text.move_set
                0x080010a8      0x4cc ..\obj\main.o
                0x080010a8                move_set
 *fill*         0x08001574        0x4 
 .text.calc_heading
                0x08001578      0x11c ..\obj\main.o
                0x08001578                calc_heading
 *fill*         0x08001694        0x4 
 .text.calc_distance
                0x08001698       0xa8 ..\obj\main.o
                0x08001698                calc_distance
 .text.move_decission
                0x08001740      0x2d0 ..\obj\main.o
                0x08001740                move_decission
 .text.cal_compass
                0x08001a10      0x228 ..\obj\main.o
                0x08001a10                cal_compass
 .text.set_anchor
                0x08001c38      0x568 ..\obj\main.o
                0x08001c38                set_anchor
 .text.set_tgt  0x080021a0      0x2f4 ..\obj\main.o
                0x080021a0                set_tgt
 .text.SysTick_Handler
                0x08002494        0xc ..\obj\main.o
                0x08002494                SysTick_Handler
 .text.USART2_IRQHandler
                0x080024a0      0x3c4 ..\obj\main.o
                0x080024a0                USART2_IRQHandler
 .text.USART3_IRQHandler
                0x08002864       0x30 ..\obj\main.o
                0x08002864                USART3_IRQHandler
 *fill*         0x08002894        0x4 
 .text.USART6_IRQHandler
                0x08002898      0x500 ..\obj\main.o
                0x08002898                USART6_IRQHandler
 .text.TIM3_IRQHandler
                0x08002d98      0x21c ..\obj\main.o
                0x08002d98                TIM3_IRQHandler
 .text.TIM7_IRQHandler
                0x08002fb4      0x1e4 ..\obj\main.o
                0x08002fb4                TIM7_IRQHandler
 .text.EXTI15_10_IRQHandler
                0x08003198       0xc0 ..\obj\main.o
                0x08003198                EXTI15_10_IRQHandler
 .text.main     0x08003258      0x1bc ..\obj\main.o
                0x08003258                main
 .text.RCC_HSEConfig
                0x08003414       0x28 ..\obj\stm32f4xx_rcc.o
                0x08003414                RCC_HSEConfig
 .text.RCC_WaitForHSEStartUp
                0x0800343c       0x50 ..\obj\stm32f4xx_rcc.o
                0x0800343c                RCC_WaitForHSEStartUp
 .text.RCC_GetClocksFreq
                0x0800348c      0x154 ..\obj\stm32f4xx_rcc.o
                0x0800348c                RCC_GetClocksFreq
 .text.RCC_AHB1PeriphClockCmd
                0x080035e0       0x40 ..\obj\stm32f4xx_rcc.o
                0x080035e0                RCC_AHB1PeriphClockCmd
 .text.RCC_APB1PeriphClockCmd
                0x08003620       0x40 ..\obj\stm32f4xx_rcc.o
                0x08003620                RCC_APB1PeriphClockCmd
 .text.RCC_APB2PeriphClockCmd
                0x08003660       0x40 ..\obj\stm32f4xx_rcc.o
                0x08003660                RCC_APB2PeriphClockCmd
 .text.RCC_GetFlagStatus
                0x080036a0       0x74 ..\obj\stm32f4xx_rcc.o
                0x080036a0                RCC_GetFlagStatus
 .text.ADC_Init
                0x08003714       0xac ..\obj\stm32f4xx_adc.o
                0x08003714                ADC_Init
 .text.ADC_CommonInit
                0x080037c0       0x50 ..\obj\stm32f4xx_adc.o
                0x080037c0                ADC_CommonInit
 .text.ADC_Cmd  0x08003810       0x38 ..\obj\stm32f4xx_adc.o
                0x08003810                ADC_Cmd
 .text.ADC_RegularChannelConfig
                0x08003848      0x194 ..\obj\stm32f4xx_adc.o
                0x08003848                ADC_RegularChannelConfig
 .text.ADC_SoftwareStartConv
                0x080039dc       0x20 ..\obj\stm32f4xx_adc.o
                0x080039dc                ADC_SoftwareStartConv
 .text.ADC_EOCOnEachRegularChannelCmd
                0x080039fc       0x38 ..\obj\stm32f4xx_adc.o
                0x080039fc                ADC_EOCOnEachRegularChannelCmd
 .text.ADC_GetConversionValue
                0x08003a34       0x1c ..\obj\stm32f4xx_adc.o
                0x08003a34                ADC_GetConversionValue
 .text.ADC_GetFlagStatus
                0x08003a50       0x34 ..\obj\stm32f4xx_adc.o
                0x08003a50                ADC_GetFlagStatus
 .text.TIM2_IRQHandler
                0x08003a84       0xfc ..\obj\tm_stm32f4_delay.o
                0x08003a84                TIM2_IRQHandler
 .text.TM_DELAY_Init
                0x08003b80       0x18 ..\obj\tm_stm32f4_delay.o
                0x08003b80                TM_DELAY_Init
 .text.TM_DELAY_INT_InitTIM
                0x08003b98       0xc8 ..\obj\tm_stm32f4_delay.o
                0x08003b98                TM_DELAY_INT_InitTIM
 .text.GPIO_Init
                0x08003c60      0x11c ..\obj\stm32f4xx_gpio.o
                0x08003c60                GPIO_Init
 .text.GPIO_ReadInputDataBit
                0x08003d7c       0x34 ..\obj\stm32f4xx_gpio.o
                0x08003d7c                GPIO_ReadInputDataBit
 .text.GPIO_SetBits
                0x08003db0       0x20 ..\obj\stm32f4xx_gpio.o
                0x08003db0                GPIO_SetBits
 .text.GPIO_ResetBits
                0x08003dd0       0x20 ..\obj\stm32f4xx_gpio.o
                0x08003dd0                GPIO_ResetBits
 .text.GPIO_Write
                0x08003df0       0x20 ..\obj\stm32f4xx_gpio.o
                0x08003df0                GPIO_Write
 .text.GPIO_PinAFConfig
                0x08003e10       0x94 ..\obj\stm32f4xx_gpio.o
                0x08003e10                GPIO_PinAFConfig
 .text.USART2_init
                0x08003ea4       0xdc ..\obj\peripheral.o
                0x08003ea4                USART2_init
 .text.USART3_init
                0x08003f80       0xe4 ..\obj\peripheral.o
                0x08003f80                USART3_init
 .text.USART6_init
                0x08004064       0xdc ..\obj\peripheral.o
                0x08004064                USART6_init
 .text.USART_SendString
                0x08004140       0x40 ..\obj\peripheral.o
                0x08004140                USART_SendString
 .text.I2C2_init
                0x08004180       0xa4 ..\obj\peripheral.o
                0x08004180                I2C2_init
 .text.I2C_start
                0x08004224       0xb0 ..\obj\peripheral.o
                0x08004224                I2C_start
 .text.I2C_write
                0x080042d4       0x34 ..\obj\peripheral.o
                0x080042d4                I2C_write
 .text.I2C_read_ack
                0x08004308       0x38 ..\obj\peripheral.o
                0x08004308                I2C_read_ack
 .text.I2C_read_nack
                0x08004340       0x40 ..\obj\peripheral.o
                0x08004340                I2C_read_nack
 .text.I2C_stop
                0x08004380       0x18 ..\obj\peripheral.o
                0x08004380                I2C_stop
 .text.check_i2c_device
                0x08004398       0x38 ..\obj\peripheral.o
                0x08004398                check_i2c_device
 .text.HMC5883_init
                0x080043d0       0x64 ..\obj\peripheral.o
                0x080043d0                HMC5883_init
 .text.HMC5883_read
                0x08004434       0x94 ..\obj\peripheral.o
                0x08004434                HMC5883_read
 .text.EXTI_12_15_init
                0x080044c8       0xa4 ..\obj\peripheral.o
                0x080044c8                EXTI_12_15_init
 .text.TIM3_init
                0x0800456c       0x70 ..\obj\peripheral.o
                0x0800456c                TIM3_init
 .text.TIM7_init
                0x080045dc       0x70 ..\obj\peripheral.o
                0x080045dc                TIM7_init
 .text.TIM4_pwm_init
                0x0800464c      0x138 ..\obj\peripheral.o
                0x0800464c                TIM4_pwm_init
 .text.TIM4_pwm
                0x08004784       0x64 ..\obj\peripheral.o
                0x08004784                TIM4_pwm
 .text.m_control_init
                0x080047e8       0xa8 ..\obj\peripheral.o
                0x080047e8                m_control_init
 .text.motor    0x08004890      0x200 ..\obj\peripheral.o
                0x08004890                motor
 .text.adc1_init
                0x08004a90       0xb8 ..\obj\peripheral.o
                0x08004a90                adc1_init
 .text.read_bat
                0x08004b48       0x68 ..\obj\peripheral.o
                0x08004b48                read_bat
 .text.button_init
                0x08004bb0       0x34 ..\obj\peripheral.o
                0x08004bb0                button_init
 .text.led_init
                0x08004be4       0x48 ..\obj\peripheral.o
                0x08004be4                led_init
 .text.lcd_init
                0x08004c2c       0x68 ..\obj\peripheral.o
                0x08004c2c                lcd_init
 .text.us_init  0x08004c94       0x58 ..\obj\peripheral.o
                0x08004c94                us_init
 .text.SystemInit
                0x08004cec       0x6c ..\obj\system_stm32f4xx.o
                0x08004cec                SystemInit
 .text.SetSysClock
                0x08004d58       0xf8 ..\obj\system_stm32f4xx.o
 .text._sbrk    0x08004e50       0x40 ..\obj\syscalls.o
                0x08004e50                _sbrk
 .text.I2C_Init
                0x08004e90      0x184 ..\obj\stm32f4xx_i2c.o
                0x08004e90                I2C_Init
 .text.I2C_Cmd  0x08005014       0x40 ..\obj\stm32f4xx_i2c.o
                0x08005014                I2C_Cmd
 .text.I2C_GenerateSTART
                0x08005054       0x40 ..\obj\stm32f4xx_i2c.o
                0x08005054                I2C_GenerateSTART
 .text.I2C_GenerateSTOP
                0x08005094       0x40 ..\obj\stm32f4xx_i2c.o
                0x08005094                I2C_GenerateSTOP
 .text.I2C_Send7bitAddress
                0x080050d4       0x3c ..\obj\stm32f4xx_i2c.o
                0x080050d4                I2C_Send7bitAddress
 .text.I2C_AcknowledgeConfig
                0x08005110       0x40 ..\obj\stm32f4xx_i2c.o
                0x08005110                I2C_AcknowledgeConfig
 .text.I2C_SendData
                0x08005150       0x20 ..\obj\stm32f4xx_i2c.o
                0x08005150                I2C_SendData
 .text.I2C_ReceiveData
                0x08005170       0x1c ..\obj\stm32f4xx_i2c.o
                0x08005170                I2C_ReceiveData
 .text.I2C_CheckEvent
                0x0800518c       0x60 ..\obj\stm32f4xx_i2c.o
                0x0800518c                I2C_CheckEvent
 .text.I2C_GetFlagStatus
                0x080051ec       0x68 ..\obj\stm32f4xx_i2c.o
                0x080051ec                I2C_GetFlagStatus
 .text.EXTI_Init
                0x08005254       0xe4 ..\obj\stm32f4xx_exti.o
                0x08005254                EXTI_Init
 .text.EXTI_GetITStatus
                0x08005338       0x48 ..\obj\stm32f4xx_exti.o
                0x08005338                EXTI_GetITStatus
 .text.EXTI_ClearITPendingBit
                0x08005380       0x20 ..\obj\stm32f4xx_exti.o
                0x08005380                EXTI_ClearITPendingBit
 .text.NVIC_Init
                0x080053a0       0xc4 ..\obj\misc.o
                0x080053a0                NVIC_Init
 .text.TM_GPIO_Init
                0x08005464       0x48 ..\obj\tm_stm32f4_gpio.o
                0x08005464                TM_GPIO_Init
 .text.TM_GPIO_GetPortSource
                0x080054ac       0x24 ..\obj\tm_stm32f4_gpio.o
                0x080054ac                TM_GPIO_GetPortSource
 .text.TM_GPIO_INT_EnableClock
                0x080054d0       0x30 ..\obj\tm_stm32f4_gpio.o
                0x080054d0                TM_GPIO_INT_EnableClock
 .text.TM_GPIO_INT_Init
                0x08005500      0x10c ..\obj\tm_stm32f4_gpio.o
                0x08005500                TM_GPIO_INT_Init
 .text.TM_TIMER_PROPERTIES_GetTimerProperties
                0x0800560c      0x100 ..\obj\tm_stm32f4_timer_properties.o
                0x0800560c                TM_TIMER_PROPERTIES_GetTimerProperties
 .text.TM_TIMER_PROPERTIES_GenerateDataForWorkingFrequency
                0x0800570c      0x118 ..\obj\tm_stm32f4_timer_properties.o
                0x0800570c                TM_TIMER_PROPERTIES_GenerateDataForWorkingFrequency
 .text.TM_TIMER_PROPERTIES_EnableClock
                0x08005824      0x148 ..\obj\tm_stm32f4_timer_properties.o
                0x08005824                TM_TIMER_PROPERTIES_EnableClock
 .text.TIM_TimeBaseInit
                0x0800596c       0xd8 ..\obj\stm32f4xx_tim.o
                0x0800596c                TIM_TimeBaseInit
 .text.TIM_ARRPreloadConfig
                0x08005a44       0x40 ..\obj\stm32f4xx_tim.o
                0x08005a44                TIM_ARRPreloadConfig
 .text.TIM_Cmd  0x08005a84       0x40 ..\obj\stm32f4xx_tim.o
                0x08005a84                TIM_Cmd
 .text.TIM_OC1Init
                0x08005ac4       0xf4 ..\obj\stm32f4xx_tim.o
                0x08005ac4                TIM_OC1Init
 .text.TIM_OC2Init
                0x08005bb8      0x110 ..\obj\stm32f4xx_tim.o
                0x08005bb8                TIM_OC2Init
 .text.TIM_OC3Init
                0x08005cc8      0x10c ..\obj\stm32f4xx_tim.o
                0x08005cc8                TIM_OC3Init
 .text.TIM_OC4Init
                0x08005dd4       0xd0 ..\obj\stm32f4xx_tim.o
                0x08005dd4                TIM_OC4Init
 .text.TIM_OC1PreloadConfig
                0x08005ea4       0x38 ..\obj\stm32f4xx_tim.o
                0x08005ea4                TIM_OC1PreloadConfig
 .text.TIM_OC2PreloadConfig
                0x08005edc       0x3c ..\obj\stm32f4xx_tim.o
                0x08005edc                TIM_OC2PreloadConfig
 .text.TIM_OC3PreloadConfig
                0x08005f18       0x38 ..\obj\stm32f4xx_tim.o
                0x08005f18                TIM_OC3PreloadConfig
 .text.TIM_OC4PreloadConfig
                0x08005f50       0x3c ..\obj\stm32f4xx_tim.o
                0x08005f50                TIM_OC4PreloadConfig
 .text.TIM_ITConfig
                0x08005f8c       0x48 ..\obj\stm32f4xx_tim.o
                0x08005f8c                TIM_ITConfig
 .text.TIM_GetITStatus
                0x08005fd4       0x54 ..\obj\stm32f4xx_tim.o
                0x08005fd4                TIM_GetITStatus
 .text.TIM_ClearITPendingBit
                0x08006028       0x24 ..\obj\stm32f4xx_tim.o
                0x08006028                TIM_ClearITPendingBit
 .text.atan2    0x0800604c        0x4 e:/gcc toolchain/5.4 2016q3/bin/../lib/gcc/arm-none-eabi/5.4.1/../../../../arm-none-eabi/lib/armv7e-m/fpu\libm.a(lib_a-w_atan2.o)
                0x0800604c                atan2
 .text.pow      0x08006050      0x338 e:/gcc toolchain/5.4 2016q3/bin/../lib/gcc/arm-none-eabi/5.4.1/../../../../arm-none-eabi/lib/armv7e-m/fpu\libm.a(lib_a-w_pow.o)
                0x08006050                pow
 .text.sqrt     0x08006388       0xc0 e:/gcc toolchain/5.4 2016q3/bin/../lib/gcc/arm-none-eabi/5.4.1/../../../../arm-none-eabi/lib/armv7e-m/fpu\libm.a(lib_a-w_sqrt.o)
                0x08006388                sqrt
 .text.__ieee754_atan2
                0x08006448      0x1ec e:/gcc toolchain/5.4 2016q3/bin/../lib/gcc/arm-none-eabi/5.4.1/../../../../arm-none-eabi/lib/armv7e-m/fpu\libm.a(lib_a-e_atan2.o)
                0x08006448                __ieee754_atan2
 *fill*         0x08006634        0x4 
 .text.__ieee754_pow
                0x08006638      0xb10 e:/gcc toolchain/5.4 2016q3/bin/../lib/gcc/arm-none-eabi/5.4.1/../../../../arm-none-eabi/lib/armv7e-m/fpu\libm.a(lib_a-e_pow.o)
                0x08006638                __ieee754_pow
 .text.__ieee754_sqrt
                0x08007148      0x1a0 e:/gcc toolchain/5.4 2016q3/bin/../lib/gcc/arm-none-eabi/5.4.1/../../../../arm-none-eabi/lib/armv7e-m/fpu\libm.a(lib_a-e_sqrt.o)
                0x08007148                __ieee754_sqrt
 .text.atan     0x080072e8      0x378 e:/gcc toolchain/5.4 2016q3/bin/../lib/gcc/arm-none-eabi/5.4.1/../../../../arm-none-eabi/lib/armv7e-m/fpu\libm.a(lib_a-s_atan.o)
                0x080072e8                atan
 .text.fabs     0x08007660       0x10 e:/gcc toolchain/5.4 2016q3/bin/../lib/gcc/arm-none-eabi/5.4.1/../../../../arm-none-eabi/lib/armv7e-m/fpu\libm.a(lib_a-s_fabs.o)
                0x08007660                fabs
 .text.finite   0x08007670       0x10 e:/gcc toolchain/5.4 2016q3/bin/../lib/gcc/arm-none-eabi/5.4.1/../../../../arm-none-eabi/lib/armv7e-m/fpu\libm.a(lib_a-s_finite.o)
                0x08007670                finite
 .text.matherr  0x08007680        0x4 e:/gcc toolchain/5.4 2016q3/bin/../lib/gcc/arm-none-eabi/5.4.1/../../../../arm-none-eabi/lib/armv7e-m/fpu\libm.a(lib_a-s_matherr.o)
                0x08007680                matherr
 *fill*         0x08007684        0x4 
 .text.nan      0x08007688       0x10 e:/gcc toolchain/5.4 2016q3/bin/../lib/gcc/arm-none-eabi/5.4.1/../../../../arm-none-eabi/lib/armv7e-m/fpu\libm.a(lib_a-s_nan.o)
                0x08007688                nan
 .text.rint     0x08007698      0x128 e:/gcc toolchain/5.4 2016q3/bin/../lib/gcc/arm-none-eabi/5.4.1/../../../../arm-none-eabi/lib/armv7e-m/fpu\libm.a(lib_a-s_rint.o)
                0x08007698                rint
 .text.scalbn   0x080077c0      0x10c e:/gcc toolchain/5.4 2016q3/bin/../lib/gcc/arm-none-eabi/5.4.1/../../../../arm-none-eabi/lib/armv7e-m/fpu\libm.a(lib_a-s_scalbn.o)
                0x080077c0                scalbn
 .text.copysign
                0x080078cc       0x1c e:/gcc toolchain/5.4 2016q3/bin/../lib/gcc/arm-none-eabi/5.4.1/../../../../arm-none-eabi/lib/armv7e-m/fpu\libm.a(lib_a-s_copysign.o)
                0x080078cc                copysign
 .text          0x080078e8      0x370 ..\..\..\..\..\..\gcc toolchain\5.4 2016q3\lib\gcc\arm-none-eabi\5.4.1\armv7e-m\fpu\fpv5-d16\libgcc.a(_arm_addsubdf3.o)
                0x080078e8                __aeabi_drsub
                0x080078f0                __aeabi_dsub
                0x080078f0                __subdf3
                0x080078f4                __aeabi_dadd
                0x080078f4                __adddf3
                0x08007b6c                __floatunsidf
                0x08007b6c                __aeabi_ui2d
                0x08007b8c                __floatsidf
                0x08007b8c                __aeabi_i2d
                0x08007bb0                __aeabi_f2d
                0x08007bb0                __extendsfdf2
                0x08007bec                __floatundidf
                0x08007bec                __aeabi_ul2d
                0x08007bfc                __floatdidf
                0x08007bfc                __aeabi_l2d
 .text          0x08007c58      0x424 ..\..\..\..\..\..\gcc toolchain\5.4 2016q3\lib\gcc\arm-none-eabi\5.4.1\armv7e-m\fpu\fpv5-d16\libgcc.a(_arm_muldivdf3.o)
                0x08007c58                __aeabi_dmul
                0x08007c58                __muldf3
                0x08007eac                __divdf3
                0x08007eac                __aeabi_ddiv
 .text          0x0800807c      0x110 ..\..\..\..\..\..\gcc toolchain\5.4 2016q3\lib\gcc\arm-none-eabi\5.4.1\armv7e-m\fpu\fpv5-d16\libgcc.a(_arm_cmpdf2.o)
                0x0800807c                __gtdf2
                0x0800807c                __gedf2
                0x08008084                __ltdf2
                0x08008084                __ledf2
                0x0800808c                __nedf2
                0x0800808c                __eqdf2
                0x0800808c                __cmpdf2
                0x08008108                __aeabi_cdrcmple
                0x08008118                __aeabi_cdcmpeq
                0x08008118                __aeabi_cdcmple
                0x08008128                __aeabi_dcmpeq
                0x0800813c                __aeabi_dcmplt
                0x08008150                __aeabi_dcmple
                0x08008164                __aeabi_dcmpge
                0x08008178                __aeabi_dcmpgt
 .text          0x0800818c       0x2c ..\..\..\..\..\..\gcc toolchain\5.4 2016q3\lib\gcc\arm-none-eabi\5.4.1\armv7e-m\fpu\fpv5-d16\libgcc.a(_arm_unorddf2.o)
                0x0800818c                __unorddf2
                0x0800818c                __aeabi_dcmpun
 .text          0x080081b8       0x50 ..\..\..\..\..\..\gcc toolchain\5.4 2016q3\lib\gcc\arm-none-eabi\5.4.1\armv7e-m\fpu\fpv5-d16\libgcc.a(_arm_fixdfsi.o)
                0x080081b8                __aeabi_d2iz
                0x080081b8                __fixdfsi
 .text          0x08008208       0x40 ..\..\..\..\..\..\gcc toolchain\5.4 2016q3\lib\gcc\arm-none-eabi\5.4.1\armv7e-m\fpu\fpv5-d16\libgcc.a(_arm_fixunsdfsi.o)
                0x08008208                __aeabi_d2uiz
                0x08008208                __fixunsdfsi
 .text          0x08008248       0xa0 ..\..\..\..\..\..\gcc toolchain\5.4 2016q3\lib\gcc\arm-none-eabi\5.4.1\armv7e-m\fpu\fpv5-d16\libgcc.a(_arm_truncdfsf2.o)
                0x08008248                __truncdfsf2
                0x08008248                __aeabi_d2f
 .text.__errno  0x080082e8        0xc e:/gcc toolchain/5.4 2016q3/bin/../lib/gcc/arm-none-eabi/5.4.1/../../../../arm-none-eabi/lib/armv7e-m/fpu\libc.a(lib_a-errno.o)
                0x080082e8                __errno
 .text._malloc_r
                0x080082f4      0x570 e:/gcc toolchain/5.4 2016q3/bin/../lib/gcc/arm-none-eabi/5.4.1/../../../../arm-none-eabi/lib/armv7e-m/fpu\libc.a(lib_a-mallocr.o)
                0x080082f4                _malloc_r
 .text.__malloc_lock
                0x08008864        0x4 e:/gcc toolchain/5.4 2016q3/bin/../lib/gcc/arm-none-eabi/5.4.1/../../../../arm-none-eabi/lib/armv7e-m/fpu\libc.a(lib_a-mlock.o)
                0x08008864                __malloc_lock
 .text.__malloc_unlock
                0x08008868        0x4 e:/gcc toolchain/5.4 2016q3/bin/../lib/gcc/arm-none-eabi/5.4.1/../../../../arm-none-eabi/lib/armv7e-m/fpu\libc.a(lib_a-mlock.o)
                0x08008868                __malloc_unlock
 .text._sbrk_r  0x0800886c       0x24 e:/gcc toolchain/5.4 2016q3/bin/../lib/gcc/arm-none-eabi/5.4.1/../../../../arm-none-eabi/lib/armv7e-m/fpu\libc.a(lib_a-sbrkr.o)
                0x0800886c                _sbrk_r
 .text.sprintf  0x08008890       0x4c e:/gcc toolchain/5.4 2016q3/bin/../lib/gcc/arm-none-eabi/5.4.1/../../../../arm-none-eabi/lib/armv7e-m/fpu\libc.a(lib_a-sprintf.o)
                0x08008890                sprintf
 *fill*         0x080088dc        0x4 
 .text._svfprintf_r
                0x080088e0     0x16e4 e:/gcc toolchain/5.4 2016q3/bin/../lib/gcc/arm-none-eabi/5.4.1/../../../../arm-none-eabi/lib/armv7e-m/fpu\libc.a(lib_a-svfprintf.o)
                0x080088e0                _svfprintf_r
 .text.quorem   0x08009fc4      0x128 e:/gcc toolchain/5.4 2016q3/bin/../lib/gcc/arm-none-eabi/5.4.1/../../../../arm-none-eabi/lib/armv7e-m/fpu\libc.a(lib_a-dtoa.o)
 *fill*         0x0800a0ec        0x4 
 .text._dtoa_r  0x0800a0f0      0xe34 e:/gcc toolchain/5.4 2016q3/bin/../lib/gcc/arm-none-eabi/5.4.1/../../../../arm-none-eabi/lib/armv7e-m/fpu\libc.a(lib_a-dtoa.o)
                0x0800a0f0                _dtoa_r
 .text._malloc_trim_r
                0x0800af24       0x9c e:/gcc toolchain/5.4 2016q3/bin/../lib/gcc/arm-none-eabi/5.4.1/../../../../arm-none-eabi/lib/armv7e-m/fpu\libc.a(lib_a-freer.o)
                0x0800af24                _malloc_trim_r
 .text._free_r  0x0800afc0      0x1d0 e:/gcc toolchain/5.4 2016q3/bin/../lib/gcc/arm-none-eabi/5.4.1/../../../../arm-none-eabi/lib/armv7e-m/fpu\libc.a(lib_a-freer.o)
                0x0800afc0                _free_r
 .text._localeconv_r
                0x0800b190       0x1c e:/gcc toolchain/5.4 2016q3/bin/../lib/gcc/arm-none-eabi/5.4.1/../../../../arm-none-eabi/lib/armv7e-m/fpu\libc.a(lib_a-localeconv.o)
                0x0800b190                _localeconv_r
 *fill*         0x0800b1ac        0x4 
 .text          0x0800b1b0       0xa0 e:/gcc toolchain/5.4 2016q3/bin/../lib/gcc/arm-none-eabi/5.4.1/../../../../arm-none-eabi/lib/armv7e-m/fpu\libc.a(lib_a-memchr.o)
                0x0800b1b0                memchr
 .text          0x0800b250      0x134 e:/gcc toolchain/5.4 2016q3/bin/../lib/gcc/arm-none-eabi/5.4.1/../../../../arm-none-eabi/lib/armv7e-m/fpu\libc.a(lib_a-memcpy.o)
                0x0800b250                memcpy
 .text._Balloc  0x0800b384       0x4c e:/gcc toolchain/5.4 2016q3/bin/../lib/gcc/arm-none-eabi/5.4.1/../../../../arm-none-eabi/lib/armv7e-m/fpu\libc.a(lib_a-mprec.o)
                0x0800b384                _Balloc
 .text._Bfree   0x0800b3d0       0x14 e:/gcc toolchain/5.4 2016q3/bin/../lib/gcc/arm-none-eabi/5.4.1/../../../../arm-none-eabi/lib/armv7e-m/fpu\libc.a(lib_a-mprec.o)
                0x0800b3d0                _Bfree
 .text.__multadd
                0x0800b3e4       0x80 e:/gcc toolchain/5.4 2016q3/bin/../lib/gcc/arm-none-eabi/5.4.1/../../../../arm-none-eabi/lib/armv7e-m/fpu\libc.a(lib_a-mprec.o)
                0x0800b3e4                __multadd
 .text.__hi0bits
                0x0800b464       0x40 e:/gcc toolchain/5.4 2016q3/bin/../lib/gcc/arm-none-eabi/5.4.1/../../../../arm-none-eabi/lib/armv7e-m/fpu\libc.a(lib_a-mprec.o)
                0x0800b464                __hi0bits
 .text.__lo0bits
                0x0800b4a4       0x5c e:/gcc toolchain/5.4 2016q3/bin/../lib/gcc/arm-none-eabi/5.4.1/../../../../arm-none-eabi/lib/armv7e-m/fpu\libc.a(lib_a-mprec.o)
                0x0800b4a4                __lo0bits
 .text.__i2b    0x0800b500       0x14 e:/gcc toolchain/5.4 2016q3/bin/../lib/gcc/arm-none-eabi/5.4.1/../../../../arm-none-eabi/lib/armv7e-m/fpu\libc.a(lib_a-mprec.o)
                0x0800b500                __i2b
 .text.__multiply
                0x0800b514      0x130 e:/gcc toolchain/5.4 2016q3/bin/../lib/gcc/arm-none-eabi/5.4.1/../../../../arm-none-eabi/lib/armv7e-m/fpu\libc.a(lib_a-mprec.o)
                0x0800b514                __multiply
 .text.__pow5mult
                0x0800b644       0xa0 e:/gcc toolchain/5.4 2016q3/bin/../lib/gcc/arm-none-eabi/5.4.1/../../../../arm-none-eabi/lib/armv7e-m/fpu\libc.a(lib_a-mprec.o)
                0x0800b644                __pow5mult
 .text.__lshift
                0x0800b6e4       0xb0 e:/gcc toolchain/5.4 2016q3/bin/../lib/gcc/arm-none-eabi/5.4.1/../../../../arm-none-eabi/lib/armv7e-m/fpu\libc.a(lib_a-mprec.o)
                0x0800b6e4                __lshift
 .text.__mcmp   0x0800b794       0x44 e:/gcc toolchain/5.4 2016q3/bin/../lib/gcc/arm-none-eabi/5.4.1/../../../../arm-none-eabi/lib/armv7e-m/fpu\libc.a(lib_a-mprec.o)
                0x0800b794                __mcmp
 .text.__mdiff  0x0800b7d8      0x114 e:/gcc toolchain/5.4 2016q3/bin/../lib/gcc/arm-none-eabi/5.4.1/../../../../arm-none-eabi/lib/armv7e-m/fpu\libc.a(lib_a-mprec.o)
                0x0800b7d8                __mdiff
 .text.__d2b    0x0800b8ec       0xbc e:/gcc toolchain/5.4 2016q3/bin/../lib/gcc/arm-none-eabi/5.4.1/../../../../arm-none-eabi/lib/armv7e-m/fpu\libc.a(lib_a-mprec.o)
                0x0800b8ec                __d2b
 *fill*         0x0800b9a8       0x18 
 .text          0x0800b9c0       0xdc e:/gcc toolchain/5.4 2016q3/bin/../lib/gcc/arm-none-eabi/5.4.1/../../../../arm-none-eabi/lib/armv7e-m/fpu\libc.a(lib_a-strlen.o)
                0x0800b9c0                strlen
 .text.__ssprint_r
                0x0800ba9c      0x100 e:/gcc toolchain/5.4 2016q3/bin/../lib/gcc/arm-none-eabi/5.4.1/../../../../arm-none-eabi/lib/armv7e-m/fpu\libc.a(lib_a-svfiprintf.o)
                0x0800ba9c                __ssprint_r
 .text._calloc_r
                0x0800bb9c       0x60 e:/gcc toolchain/5.4 2016q3/bin/../lib/gcc/arm-none-eabi/5.4.1/../../../../arm-none-eabi/lib/armv7e-m/fpu\libc.a(lib_a-callocr.o)
                0x0800bb9c                _calloc_r
 .text.__ascii_mbtowc
                0x0800bbfc       0x2c e:/gcc toolchain/5.4 2016q3/bin/../lib/gcc/arm-none-eabi/5.4.1/../../../../arm-none-eabi/lib/armv7e-m/fpu\libc.a(lib_a-mbtowc_r.o)
                0x0800bbfc                __ascii_mbtowc
 .text.memmove  0x0800bc28       0xc8 e:/gcc toolchain/5.4 2016q3/bin/../lib/gcc/arm-none-eabi/5.4.1/../../../../arm-none-eabi/lib/armv7e-m/fpu\libc.a(lib_a-memmove.o)
                0x0800bc28                memmove
 .text.memset   0x0800bcf0       0x9c e:/gcc toolchain/5.4 2016q3/bin/../lib/gcc/arm-none-eabi/5.4.1/../../../../arm-none-eabi/lib/armv7e-m/fpu\libc.a(lib_a-memset.o)
                0x0800bcf0                memset
 .text._realloc_r
                0x0800bd8c      0x3e0 e:/gcc toolchain/5.4 2016q3/bin/../lib/gcc/arm-none-eabi/5.4.1/../../../../arm-none-eabi/lib/armv7e-m/fpu\libc.a(lib_a-reallocr.o)
                0x0800bd8c                _realloc_r
 .text.__ascii_wctomb
                0x0800c16c       0x1c e:/gcc toolchain/5.4 2016q3/bin/../lib/gcc/arm-none-eabi/5.4.1/../../../../arm-none-eabi/lib/armv7e-m/fpu\libc.a(lib_a-wctomb_r.o)
                0x0800c16c                __ascii_wctomb
 .text          0x0800c188       0x30 ..\..\..\..\..\..\gcc toolchain\5.4 2016q3\lib\gcc\arm-none-eabi\5.4.1\armv7e-m\fpu\fpv5-d16\libgcc.a(_aeabi_uldivmod.o)
                0x0800c188                __aeabi_uldivmod
 .text          0x0800c1b8      0x2e4 ..\..\..\..\..\..\gcc toolchain\5.4 2016q3\lib\gcc\arm-none-eabi\5.4.1\armv7e-m\fpu\fpv5-d16\libgcc.a(_udivmoddi4.o)
                0x0800c1b8                __udivmoddi4
 .text          0x0800c49c        0x4 ..\..\..\..\..\..\gcc toolchain\5.4 2016q3\lib\gcc\arm-none-eabi\5.4.1\armv7e-m\fpu\fpv5-d16\libgcc.a(_dvmd_tls.o)
                0x0800c49c                __aeabi_idiv0
                0x0800c49c                __aeabi_ldiv0
 *(.init)
 *(.fini)
 *crtbegin.o(.ctors)
 *crtbegin?.o(.ctors)
 *(EXCLUDE_FILE(*crtend.o *crtend?.o) .ctors)
 *(SORT(.ctors.*))
 *(.ctors)
 *crtbegin.o(.dtors)
 *crtbegin?.o(.dtors)
 *(EXCLUDE_FILE(*crtend.o *crtend?.o) .dtors)
 *(SORT(.dtors.*))
 *(.dtors)
 *(.rodata*)
 .rodata        0x0800c4a0        0x4 ..\obj\tm_stm32f4_hd44780.o
 .rodata        0x0800c4a4      0x227 ..\obj\main.o
 *fill*         0x0800c6cb        0x1 
 .rodata        0x0800c6cc        0xb ..\obj\peripheral.o
 *fill*         0x0800c6d7        0x1 
 .rodata.str1.4
                0x0800c6d8        0x4 e:/gcc toolchain/5.4 2016q3/bin/../lib/gcc/arm-none-eabi/5.4.1/../../../../arm-none-eabi/lib/armv7e-m/fpu\libm.a(lib_a-w_pow.o)
 .rodata.str1.4
                0x0800c6dc        0x5 e:/gcc toolchain/5.4 2016q3/bin/../lib/gcc/arm-none-eabi/5.4.1/../../../../arm-none-eabi/lib/armv7e-m/fpu\libm.a(lib_a-w_sqrt.o)
 .rodata.str1.4
                0x0800c6e1        0x5 e:/gcc toolchain/5.4 2016q3/bin/../lib/gcc/arm-none-eabi/5.4.1/../../../../arm-none-eabi/lib/armv7e-m/fpu\libm.a(lib_a-e_pow.o)
                                  0x1 (size before relaxing)
 *fill*         0x0800c6e1        0x7 
 .rodata.atanlo
                0x0800c6e8       0x20 e:/gcc toolchain/5.4 2016q3/bin/../lib/gcc/arm-none-eabi/5.4.1/../../../../arm-none-eabi/lib/armv7e-m/fpu\libm.a(lib_a-s_atan.o)
 .rodata.atanhi
                0x0800c708       0x20 e:/gcc toolchain/5.4 2016q3/bin/../lib/gcc/arm-none-eabi/5.4.1/../../../../arm-none-eabi/lib/armv7e-m/fpu\libm.a(lib_a-s_atan.o)
 .rodata.TWO52  0x0800c728       0x10 e:/gcc toolchain/5.4 2016q3/bin/../lib/gcc/arm-none-eabi/5.4.1/../../../../arm-none-eabi/lib/armv7e-m/fpu\libm.a(lib_a-s_rint.o)
 .rodata.zeroes.7258
                0x0800c738       0x10 e:/gcc toolchain/5.4 2016q3/bin/../lib/gcc/arm-none-eabi/5.4.1/../../../../arm-none-eabi/lib/armv7e-m/fpu\libc.a(lib_a-svfprintf.o)
 .rodata.str1.4
                0x0800c748       0x42 e:/gcc toolchain/5.4 2016q3/bin/../lib/gcc/arm-none-eabi/5.4.1/../../../../arm-none-eabi/lib/armv7e-m/fpu\libc.a(lib_a-svfprintf.o)
 *fill*         0x0800c78a        0x2 
 .rodata.blanks.7257
                0x0800c78c       0x10 e:/gcc toolchain/5.4 2016q3/bin/../lib/gcc/arm-none-eabi/5.4.1/../../../../arm-none-eabi/lib/armv7e-m/fpu\libc.a(lib_a-svfprintf.o)
 .rodata.str1.4
                0x0800c79c       0x10 e:/gcc toolchain/5.4 2016q3/bin/../lib/gcc/arm-none-eabi/5.4.1/../../../../arm-none-eabi/lib/armv7e-m/fpu\libc.a(lib_a-dtoa.o)
                                 0x12 (size before relaxing)
 *fill*         0x0800c7ac        0x4 
 .rodata.__mprec_tens
                0x0800c7b0       0xc8 e:/gcc toolchain/5.4 2016q3/bin/../lib/gcc/arm-none-eabi/5.4.1/../../../../arm-none-eabi/lib/armv7e-m/fpu\libc.a(lib_a-mprec.o)
                0x0800c7b0                __mprec_tens
 .rodata.__mprec_bigtens
                0x0800c878       0x28 e:/gcc toolchain/5.4 2016q3/bin/../lib/gcc/arm-none-eabi/5.4.1/../../../../arm-none-eabi/lib/armv7e-m/fpu\libc.a(lib_a-mprec.o)
                0x0800c878                __mprec_bigtens
 .rodata.p05.6087
                0x0800c8a0        0xc e:/gcc toolchain/5.4 2016q3/bin/../lib/gcc/arm-none-eabi/5.4.1/../../../../arm-none-eabi/lib/armv7e-m/fpu\libc.a(lib_a-mprec.o)
 .rodata.str1.4
                0x0800c8ac       0x10 e:/gcc toolchain/5.4 2016q3/bin/../lib/gcc/arm-none-eabi/5.4.1/../../../../arm-none-eabi/lib/armv7e-m/fpu\libc.a(lib_a-locale.o)
                                 0x12 (size before relaxing)
 .rodata._ctype_
                0x0800c8bc      0x101 e:/gcc toolchain/5.4 2016q3/bin/../lib/gcc/arm-none-eabi/5.4.1/../../../../arm-none-eabi/lib/armv7e-m/fpu\libc.a(lib_a-ctype_.o)
                0x0800c8bc                _ctype_
 *(.eh_fram e*)

.glue_7         0x0800c9c0        0x0
 .glue_7        0x0800c9c0        0x0 linker stubs

.glue_7t        0x0800c9c0        0x0
 .glue_7t       0x0800c9c0        0x0 linker stubs

.vfp11_veneer   0x0800c9c0        0x0
 .vfp11_veneer  0x0800c9c0        0x0 linker stubs

.v4_bx          0x0800c9c0        0x0
 .v4_bx         0x0800c9c0        0x0 linker stubs

.iplt           0x0800c9c0        0x0
 .iplt          0x0800c9c0        0x0 ..\obj\stm32f4xx_syscfg.o

.ARM.extab
 *(.ARM.extab* .gnu.linkonce.armextab.*)
                0x0800c9c0                __exidx_start = .

.ARM.exidx      0x0800c9c0        0x8
 *(.ARM.exidx* .gnu.linkonce.armexidx.*)
 .ARM.exidx     0x0800c9c0        0x8 ..\..\..\..\..\..\gcc toolchain\5.4 2016q3\lib\gcc\arm-none-eabi\5.4.1\armv7e-m\fpu\fpv5-d16\libgcc.a(_udivmoddi4.o)
                0x0800c9c8                __exidx_end = .
                0x0800c9c8                __etext = .
                0x0800c9c8                _sidata = __etext

.rel.dyn        0x0800c9c8        0x0
 .rel.iplt      0x0800c9c8        0x0 ..\obj\stm32f4xx_syscfg.o

.data           0x20000000      0x9f8 load address 0x0800c9c8
                0x20000000                __data_start__ = .
                0x20000000                _sdata = __data_start__
 *(vtable)
 *(.data*)
 .data          0x20000000       0x24 ..\obj\main.o
                0x20000000                x
                0x20000004                percobaan
                0x20000008                dwm_timeout
                0x2000000c                set_speed
                0x20000010                cmps_calfactor
                0x20000014                set_anc1x
                0x20000018                set_anc2x
                0x2000001c                set_anc2y
                0x20000020                set_anc3y
 .data          0x20000024       0x10 ..\obj\stm32f4xx_rcc.o
 .data          0x20000034       0x14 ..\obj\system_stm32f4xx.o
                0x20000034                SystemCoreClock
                0x20000038                AHBPrescTable
 .data.__fdlib_version
                0x20000048        0x1 e:/gcc toolchain/5.4 2016q3/bin/../lib/gcc/arm-none-eabi/5.4.1/../../../../arm-none-eabi/lib/armv7e-m/fpu\libm.a(lib_a-s_lib_ver.o)
                0x20000048                __fdlib_version
 *fill*         0x20000049        0x7 
 .data.impure_data
                0x20000050      0x428 e:/gcc toolchain/5.4 2016q3/bin/../lib/gcc/arm-none-eabi/5.4.1/../../../../arm-none-eabi/lib/armv7e-m/fpu\libc.a(lib_a-impure.o)
 .data._impure_ptr
                0x20000478        0x4 e:/gcc toolchain/5.4 2016q3/bin/../lib/gcc/arm-none-eabi/5.4.1/../../../../arm-none-eabi/lib/armv7e-m/fpu\libc.a(lib_a-impure.o)
                0x20000478                _impure_ptr
 .data.__malloc_av_
                0x2000047c      0x408 e:/gcc toolchain/5.4 2016q3/bin/../lib/gcc/arm-none-eabi/5.4.1/../../../../arm-none-eabi/lib/armv7e-m/fpu\libc.a(lib_a-mallocr.o)
                0x2000047c                __malloc_av_
 .data.__malloc_trim_threshold
                0x20000884        0x4 e:/gcc toolchain/5.4 2016q3/bin/../lib/gcc/arm-none-eabi/5.4.1/../../../../arm-none-eabi/lib/armv7e-m/fpu\libc.a(lib_a-mallocr.o)
                0x20000884                __malloc_trim_threshold
 .data.__malloc_sbrk_base
                0x20000888        0x4 e:/gcc toolchain/5.4 2016q3/bin/../lib/gcc/arm-none-eabi/5.4.1/../../../../arm-none-eabi/lib/armv7e-m/fpu\libc.a(lib_a-mallocr.o)
                0x20000888                __malloc_sbrk_base
 .data.__global_locale
                0x2000088c      0x16c e:/gcc toolchain/5.4 2016q3/bin/../lib/gcc/arm-none-eabi/5.4.1/../../../../arm-none-eabi/lib/armv7e-m/fpu\libc.a(lib_a-locale.o)
                0x2000088c                __global_locale
                0x200009f8                . = ALIGN (0x4)
                [!provide]                PROVIDE (__preinit_array_start, .)
 *(.preinit_array)
                [!provide]                PROVIDE (__preinit_array_end, .)
                0x200009f8                . = ALIGN (0x4)
                [!provide]                PROVIDE (__init_array_start, .)
 *(SORT(.init_array.*))
 *(.init_array)
                [!provide]                PROVIDE (__init_array_end, .)
                0x200009f8                . = ALIGN (0x4)
                [!provide]                PROVIDE (__fini_array_start, .)
 *(SORT(.fini_array.*))
 *(.fini_array)
                [!provide]                PROVIDE (__fini_array_end, .)
 *(.jcr*)
                0x200009f8                . = ALIGN (0x4)
                0x200009f8                __data_end__ = .
                0x200009f8                _edata = __data_end__

.igot.plt       0x200009f8        0x0 load address 0x0800d3c0
 .igot.plt      0x200009f8        0x0 ..\obj\stm32f4xx_syscfg.o

.bss            0x200009f8      0x220 load address 0x0800d3c0
                0x200009f8                . = ALIGN (0x4)
                0x200009f8                __bss_start__ = .
                0x200009f8                _sbss = __bss_start__
 *(.bss*)
 .bss           0x200009f8        0x7 ..\obj\tm_stm32f4_hd44780.o
 *fill*         0x200009ff        0x1 
 .bss           0x20000a00        0x2 ..\obj\my_delay.o
                0x20000a00                delay_count
 *fill*         0x20000a02        0x2 
 .bss           0x20000a04       0xac ..\obj\main.o
                0x20000a04                delay_counter
                0x20000a06                isna
                0x20000a07                rx6_n
                0x20000a08                odo_x1
                0x20000a0c                odo_x2
                0x20000a10                odo_y1
                0x20000a14                odo_y2
                0x20000a18                odo_x
                0x20000a1c                odo_y
                0x20000a20                bat
                0x20000a24                trisna
                0x20000a28                irnanti
                0x20000a2c                dwm_x
                0x20000a30                dwm_y
                0x20000a34                r1
                0x20000a38                r2
                0x20000a3c                r3
                0x20000a40                tri_x
                0x20000a44                tri_y
                0x20000a48                data_parse
                0x20000a4c                k
                0x20000a50                n
                0x20000a54                sign
                0x20000a55                rx6_parse
                0x20000a58                data_parse2
                0x20000a5c                k2
                0x20000a60                n2
                0x20000a64                sign2
                0x20000a65                rx2_parse
                0x20000a68                rot
                0x20000a78                panjang
                0x20000a7c                last_error
                0x20000a80                set_dir
                0x20000a84                trgt_x
                0x20000a88                trgt_y
                0x20000a8c                distance
                0x20000a90                run_flag
                0x20000a94                array
                0x20000aa0                set_anc1y
                0x20000aa4                set_anc3x
                0x20000aa8                systick_val
                0x20000aac                stamp
 .bss           0x20000ab0       0x28 ..\obj\tm_stm32f4_delay.o
                0x20000ab0                TM_TimingDelay
                0x20000ab4                TM_Time
                0x20000ab8                TM_Time2
                0x20000abc                TM_DELAY_Initialized
 .bss           0x20000ad8        0x4 ..\obj\syscalls.o
 .bss           0x20000adc       0x16 ..\obj\tm_stm32f4_gpio.o
 *fill*         0x20000af2        0x2 
 .bss.__malloc_max_total_mem
                0x20000af4        0x4 e:/gcc toolchain/5.4 2016q3/bin/../lib/gcc/arm-none-eabi/5.4.1/../../../../arm-none-eabi/lib/armv7e-m/fpu\libc.a(lib_a-mallocr.o)
                0x20000af4                __malloc_max_total_mem
 .bss.__malloc_max_sbrked_mem
                0x20000af8        0x4 e:/gcc toolchain/5.4 2016q3/bin/../lib/gcc/arm-none-eabi/5.4.1/../../../../arm-none-eabi/lib/armv7e-m/fpu\libc.a(lib_a-mallocr.o)
                0x20000af8                __malloc_max_sbrked_mem
 .bss.__malloc_top_pad
                0x20000afc        0x4 e:/gcc toolchain/5.4 2016q3/bin/../lib/gcc/arm-none-eabi/5.4.1/../../../../arm-none-eabi/lib/armv7e-m/fpu\libc.a(lib_a-mallocr.o)
                0x20000afc                __malloc_top_pad
 .bss.__malloc_current_mallinfo
                0x20000b00       0x28 e:/gcc toolchain/5.4 2016q3/bin/../lib/gcc/arm-none-eabi/5.4.1/../../../../arm-none-eabi/lib/armv7e-m/fpu\libc.a(lib_a-mallocr.o)
                0x20000b00                __malloc_current_mallinfo
 *(COMMON)
 COMMON         0x20000b28       0x6c ..\obj\main.o
                0x20000b28                string_buff
                0x20000b2c                lcd_buff
                0x20000b4c                head_tgt
                0x20000b50                deg
                0x20000b54                cmps_val
                0x20000b58                test1
                0x20000b5c                head_error
                0x20000b60                spd
                0x20000b64                ml
                0x20000b68                h_val
                0x20000b6c                val
                0x20000b6d                val2
                0x20000b70                char_buff
                0x20000b74                mr
                0x20000b78                r_buff6
                0x20000b84                BT_buff
                0x20000b85                test2
                0x20000b88                Kp
                0x20000b8c                ar
                0x20000b8d                test3
                0x20000b8e                flag_stamp
                0x20000b90                headi
 COMMON         0x20000b94       0x80 ..\obj\peripheral.o
                0x20000b94                debug_buff
                0x20000b98                ADC_InitStructure
                0x20000bb0                I2C_InitStructure
                0x20000bc0                TIM_OCInitStructure
                0x20000bd4                TIM_BaseInitStructure
                0x20000be0                GPIO_InitStructure
                0x20000be8                USART_InitStructure
                0x20000bf8                NVIC_InitStructure
                0x20000bfc                EXTI_InitStructure
                0x20000c04                ADC_CommonInitStructure
 COMMON         0x20000c14        0x4 e:/gcc toolchain/5.4 2016q3/bin/../lib/gcc/arm-none-eabi/5.4.1/../../../../arm-none-eabi/lib/armv7e-m/fpu\libc.a(lib_a-reent.o)
                0x20000c14                errno
                0x20000c18                . = ALIGN (0x4)
                0x20000c18                __bss_end__ = .
                0x20000c18                _ebss = __bss_end__

.heap           0x20000c18        0x0
                0x20000c18                __end__ = .
                0x20000c18                _end = __end__
                0x20000c18                end = __end__
 *(.heap*)
                0x20000c18                __HeapLimit = .

.co_stack       0x20000c18     0x8000 load address 0x0800d5e0
                0x20000c18                . = ALIGN (0x8)
 *(.co_stack .co_stack.*)
 .co_stack      0x20000c18     0x8000 ..\obj\startup_stm32f4xx.o
                0x20000c18                pulStack
                0x20020000                __StackTop = (ORIGIN (ram) + LENGTH (ram))
                0x20018000                __StackLimit = (__StackTop - SIZEOF (.co_stack))
                [!provide]                PROVIDE (__stack, __StackTop)
                0x00000001                ASSERT ((__StackLimit >= __HeapLimit), region ram  overflowed with stack)
LOAD ..\obj\stm32f4xx_syscfg.o
LOAD ..\obj\tm_stm32f4_hd44780.o
LOAD ..\obj\oretoret.o
LOAD ..\obj\stm32f4xx_usart.o
LOAD ..\obj\my_delay.o
LOAD ..\obj\startup_stm32f4xx.o
LOAD ..\obj\main.o
LOAD ..\obj\stm32f4xx_rcc.o
LOAD ..\obj\stm32f4xx_adc.o
LOAD ..\obj\tm_stm32f4_delay.o
LOAD ..\obj\stm32f4xx_gpio.o
LOAD ..\obj\peripheral.o
LOAD ..\obj\system_stm32f4xx.o
LOAD ..\obj\syscalls.o
LOAD ..\obj\stm32f4xx_spi.o
LOAD ..\obj\stm32f4xx_i2c.o
LOAD ..\obj\stm32f4xx_exti.o
LOAD ..\obj\misc.o
LOAD ..\obj\tm_stm32f4_gpio.o
LOAD ..\obj\tm_stm32f4_timer_properties.o
LOAD ..\obj\stm32f4xx_tim.o
LOAD e:/gcc toolchain/5.4 2016q3/bin/../lib/gcc/arm-none-eabi/5.4.1/../../../../arm-none-eabi/lib/armv7e-m/fpu\libm.a
LOAD ..\..\..\..\..\..\gcc toolchain\5.4 2016q3\lib\gcc\arm-none-eabi\5.4.1\armv7e-m\fpu\fpv5-d16\libgcc.a
LOAD e:/gcc toolchain/5.4 2016q3/bin/../lib/gcc/arm-none-eabi/5.4.1/../../../../arm-none-eabi/lib/armv7e-m/fpu\libc.a
START GROUP
LOAD ..\..\..\..\..\..\gcc toolchain\5.4 2016q3\lib\gcc\arm-none-eabi\5.4.1\armv7e-m\fpu\fpv5-d16\libgcc.a
LOAD e:/gcc toolchain/5.4 2016q3/bin/../lib/gcc/arm-none-eabi/5.4.1/../../../../arm-none-eabi/lib/armv7e-m/fpu\libg.a
LOAD e:/gcc toolchain/5.4 2016q3/bin/../lib/gcc/arm-none-eabi/5.4.1/../../../../arm-none-eabi/lib/armv7e-m/fpu\libc.a
END GROUP
OUTPUT(pioneer.elf elf32-littlearm)

.debug_info     0x00000000     0xb7c6
 .debug_info    0x00000000      0x274 ..\obj\stm32f4xx_syscfg.o
 .debug_info    0x00000274      0x806 ..\obj\tm_stm32f4_hd44780.o
 .debug_info    0x00000a7a      0x9ca ..\obj\stm32f4xx_usart.o
 .debug_info    0x00001444       0xf1 ..\obj\my_delay.o
 .debug_info    0x00001535       0xf2 ..\obj\startup_stm32f4xx.o
 .debug_info    0x00001627     0x1e4a ..\obj\main.o
 .debug_info    0x00003471      0xc63 ..\obj\stm32f4xx_rcc.o
 .debug_info    0x000040d4      0xc40 ..\obj\stm32f4xx_adc.o
 .debug_info    0x00004d14      0xae6 ..\obj\tm_stm32f4_delay.o
 .debug_info    0x000057fa      0x61a ..\obj\stm32f4xx_gpio.o
 .debug_info    0x00005e14     0x12c1 ..\obj\peripheral.o
 .debug_info    0x000070d5      0x5c5 ..\obj\system_stm32f4xx.o
 .debug_info    0x0000769a      0x458 ..\obj\syscalls.o
 .debug_info    0x00007af2      0xb00 ..\obj\stm32f4xx_i2c.o
 .debug_info    0x000085f2      0x357 ..\obj\stm32f4xx_exti.o
 .debug_info    0x00008949      0x556 ..\obj\misc.o
 .debug_info    0x00008e9f      0x83d ..\obj\tm_stm32f4_gpio.o
 .debug_info    0x000096dc      0x481 ..\obj\tm_stm32f4_timer_properties.o
 .debug_info    0x00009b5d     0x1c69 ..\obj\stm32f4xx_tim.o

.debug_abbrev   0x00000000     0x1f07
 .debug_abbrev  0x00000000      0x133 ..\obj\stm32f4xx_syscfg.o
 .debug_abbrev  0x00000133      0x23e ..\obj\tm_stm32f4_hd44780.o
 .debug_abbrev  0x00000371      0x157 ..\obj\stm32f4xx_usart.o
 .debug_abbrev  0x000004c8       0x9f ..\obj\my_delay.o
 .debug_abbrev  0x00000567       0xb0 ..\obj\startup_stm32f4xx.o
 .debug_abbrev  0x00000617      0x3c0 ..\obj\main.o
 .debug_abbrev  0x000009d7      0x1e5 ..\obj\stm32f4xx_rcc.o
 .debug_abbrev  0x00000bbc      0x198 ..\obj\stm32f4xx_adc.o
 .debug_abbrev  0x00000d54      0x2c6 ..\obj\tm_stm32f4_delay.o
 .debug_abbrev  0x0000101a      0x1a7 ..\obj\stm32f4xx_gpio.o
 .debug_abbrev  0x000011c1      0x2ee ..\obj\peripheral.o
 .debug_abbrev  0x000014af      0x138 ..\obj\system_stm32f4xx.o
 .debug_abbrev  0x000015e7       0xe5 ..\obj\syscalls.o
 .debug_abbrev  0x000016cc      0x166 ..\obj\stm32f4xx_i2c.o
 .debug_abbrev  0x00001832      0x1a9 ..\obj\stm32f4xx_exti.o
 .debug_abbrev  0x000019db      0x147 ..\obj\misc.o
 .debug_abbrev  0x00001b22      0x151 ..\obj\tm_stm32f4_gpio.o
 .debug_abbrev  0x00001c73      0x10b ..\obj\tm_stm32f4_timer_properties.o
 .debug_abbrev  0x00001d7e      0x189 ..\obj\stm32f4xx_tim.o

.debug_aranges  0x00000000      0xe38
 .debug_aranges
                0x00000000       0x48 ..\obj\stm32f4xx_syscfg.o
 .debug_aranges
                0x00000048       0xc0 ..\obj\tm_stm32f4_hd44780.o
 .debug_aranges
                0x00000108      0x100 ..\obj\stm32f4xx_usart.o
 .debug_aranges
                0x00000208       0x28 ..\obj\my_delay.o
 .debug_aranges
                0x00000230       0x28 ..\obj\startup_stm32f4xx.o
 .debug_aranges
                0x00000258       0xf8 ..\obj\main.o
 .debug_aranges
                0x00000350      0x178 ..\obj\stm32f4xx_rcc.o
 .debug_aranges
                0x000004c8      0x148 ..\obj\stm32f4xx_adc.o
 .debug_aranges
                0x00000610       0x88 ..\obj\tm_stm32f4_delay.o
 .debug_aranges
                0x00000698       0x88 ..\obj\stm32f4xx_gpio.o
 .debug_aranges
                0x00000720      0x108 ..\obj\peripheral.o
 .debug_aranges
                0x00000828       0x30 ..\obj\system_stm32f4xx.o
 .debug_aranges
                0x00000858       0x60 ..\obj\syscalls.o
 .debug_aranges
                0x000008b8      0x120 ..\obj\stm32f4xx_i2c.o
 .debug_aranges
                0x000009d8       0x58 ..\obj\stm32f4xx_exti.o
 .debug_aranges
                0x00000a30       0x40 ..\obj\misc.o
 .debug_aranges
                0x00000a70       0x98 ..\obj\tm_stm32f4_gpio.o
 .debug_aranges
                0x00000b08       0x38 ..\obj\tm_stm32f4_timer_properties.o
 .debug_aranges
                0x00000b40      0x2f8 ..\obj\stm32f4xx_tim.o

.debug_ranges   0x00000000      0xd08
 .debug_ranges  0x00000000       0x38 ..\obj\stm32f4xx_syscfg.o
 .debug_ranges  0x00000038       0xb0 ..\obj\tm_stm32f4_hd44780.o
 .debug_ranges  0x000000e8       0xf0 ..\obj\stm32f4xx_usart.o
 .debug_ranges  0x000001d8       0x18 ..\obj\my_delay.o
 .debug_ranges  0x000001f0       0x18 ..\obj\startup_stm32f4xx.o
 .debug_ranges  0x00000208       0xe8 ..\obj\main.o
 .debug_ranges  0x000002f0      0x168 ..\obj\stm32f4xx_rcc.o
 .debug_ranges  0x00000458      0x138 ..\obj\stm32f4xx_adc.o
 .debug_ranges  0x00000590       0x78 ..\obj\tm_stm32f4_delay.o
 .debug_ranges  0x00000608       0x78 ..\obj\stm32f4xx_gpio.o
 .debug_ranges  0x00000680       0xf8 ..\obj\peripheral.o
 .debug_ranges  0x00000778       0x20 ..\obj\system_stm32f4xx.o
 .debug_ranges  0x00000798       0x50 ..\obj\syscalls.o
 .debug_ranges  0x000007e8      0x110 ..\obj\stm32f4xx_i2c.o
 .debug_ranges  0x000008f8       0x48 ..\obj\stm32f4xx_exti.o
 .debug_ranges  0x00000940       0x30 ..\obj\misc.o
 .debug_ranges  0x00000970       0x88 ..\obj\tm_stm32f4_gpio.o
 .debug_ranges  0x000009f8       0x28 ..\obj\tm_stm32f4_timer_properties.o
 .debug_ranges  0x00000a20      0x2e8 ..\obj\stm32f4xx_tim.o

.debug_line     0x00000000     0x4a6b
 .debug_line    0x00000000      0x1b8 ..\obj\stm32f4xx_syscfg.o
 .debug_line    0x000001b8      0x3d3 ..\obj\tm_stm32f4_hd44780.o
 .debug_line    0x0000058b      0x453 ..\obj\stm32f4xx_usart.o
 .debug_line    0x000009de      0x123 ..\obj\my_delay.o
 .debug_line    0x00000b01       0x8e ..\obj\startup_stm32f4xx.o
 .debug_line    0x00000b8f      0xb2e ..\obj\main.o
 .debug_line    0x000016bd      0x53f ..\obj\stm32f4xx_rcc.o
 .debug_line    0x00001bfc      0x4f7 ..\obj\stm32f4xx_adc.o
 .debug_line    0x000020f3      0x3b1 ..\obj\tm_stm32f4_delay.o
 .debug_line    0x000024a4      0x2fa ..\obj\stm32f4xx_gpio.o
 .debug_line    0x0000279e      0x700 ..\obj\peripheral.o
 .debug_line    0x00002e9e      0x1a2 ..\obj\system_stm32f4xx.o
 .debug_line    0x00003040      0x1a4 ..\obj\syscalls.o
 .debug_line    0x000031e4      0x485 ..\obj\stm32f4xx_i2c.o
 .debug_line    0x00003669      0x23b ..\obj\stm32f4xx_exti.o
 .debug_line    0x000038a4      0x1d8 ..\obj\misc.o
 .debug_line    0x00003a7c      0x323 ..\obj\tm_stm32f4_gpio.o
 .debug_line    0x00003d9f      0x271 ..\obj\tm_stm32f4_timer_properties.o
 .debug_line    0x00004010      0xa5b ..\obj\stm32f4xx_tim.o

.debug_str      0x00000000     0x4104
 .debug_str     0x00000000      0x2a6 ..\obj\stm32f4xx_syscfg.o
                                0x304 (size before relaxing)
 .debug_str     0x000002a6      0x497 ..\obj\tm_stm32f4_hd44780.o
                                0x621 (size before relaxing)
 .debug_str     0x0000073d      0x47d ..\obj\stm32f4xx_usart.o
                                0x69f (size before relaxing)
 .debug_str     0x00000bba       0x41 ..\obj\my_delay.o
                                0x1a0 (size before relaxing)
 .debug_str     0x00000bfb       0x9d ..\obj\startup_stm32f4xx.o
                                0x157 (size before relaxing)
 .debug_str     0x00000c98      0xa22 ..\obj\main.o
                                0xda3 (size before relaxing)
 .debug_str     0x000016ba      0x5d0 ..\obj\stm32f4xx_rcc.o
                                0x860 (size before relaxing)
 .debug_str     0x00001c8a      0x627 ..\obj\stm32f4xx_adc.o
                                0x814 (size before relaxing)
 .debug_str     0x000022b1      0x34d ..\obj\tm_stm32f4_delay.o
                                0xba5 (size before relaxing)
 .debug_str     0x000025fe      0x23d ..\obj\stm32f4xx_gpio.o
                                0x4b3 (size before relaxing)
 .debug_str     0x0000283b      0x42d ..\obj\peripheral.o
                               0x10b3 (size before relaxing)
 .debug_str     0x00002c68       0xa1 ..\obj\system_stm32f4xx.o
                                0x3ba (size before relaxing)
 .debug_str     0x00002d09      0x161 ..\obj\syscalls.o
                                0x333 (size before relaxing)
 .debug_str     0x00002e6a      0x328 ..\obj\stm32f4xx_i2c.o
                                0x675 (size before relaxing)
 .debug_str     0x00003192       0xed ..\obj\stm32f4xx_exti.o
                                0x369 (size before relaxing)
 .debug_str     0x0000327f       0xe9 ..\obj\misc.o
                                0x3de (size before relaxing)
 .debug_str     0x00003368      0x1d6 ..\obj\tm_stm32f4_gpio.o
                                0x5c0 (size before relaxing)
 .debug_str     0x0000353e      0x1e5 ..\obj\tm_stm32f4_timer_properties.o
                                0x4f7 (size before relaxing)
 .debug_str     0x00003723      0x9e1 ..\obj\stm32f4xx_tim.o
                                0xde0 (size before relaxing)

.comment        0x00000000       0x6e
 .comment       0x00000000       0x6e ..\obj\stm32f4xx_syscfg.o
                                 0x6f (size before relaxing)
 .comment       0x0000006e       0x6f ..\obj\tm_stm32f4_hd44780.o
 .comment       0x0000006e       0x6f ..\obj\stm32f4xx_usart.o
 .comment       0x0000006e       0x6f ..\obj\my_delay.o
 .comment       0x0000006e       0x6f ..\obj\startup_stm32f4xx.o
 .comment       0x0000006e       0x6f ..\obj\main.o
 .comment       0x0000006e       0x6f ..\obj\stm32f4xx_rcc.o
 .comment       0x0000006e       0x6f ..\obj\stm32f4xx_adc.o
 .comment       0x0000006e       0x6f ..\obj\tm_stm32f4_delay.o
 .comment       0x0000006e       0x6f ..\obj\stm32f4xx_gpio.o
 .comment       0x0000006e       0x6f ..\obj\peripheral.o
 .comment       0x0000006e       0x6f ..\obj\system_stm32f4xx.o
 .comment       0x0000006e       0x6f ..\obj\syscalls.o
 .comment       0x0000006e       0x6f ..\obj\stm32f4xx_i2c.o
 .comment       0x0000006e       0x6f ..\obj\stm32f4xx_exti.o
 .comment       0x0000006e       0x6f ..\obj\misc.o
 .comment       0x0000006e       0x6f ..\obj\tm_stm32f4_gpio.o
 .comment       0x0000006e       0x6f ..\obj\tm_stm32f4_timer_properties.o
 .comment       0x0000006e       0x6f ..\obj\stm32f4xx_tim.o

.ARM.attributes
                0x00000000       0x35
 .ARM.attributes
                0x00000000       0x39 ..\obj\stm32f4xx_syscfg.o
 .ARM.attributes
                0x00000039       0x39 ..\obj\tm_stm32f4_hd44780.o
 .ARM.attributes
                0x00000072       0x39 ..\obj\stm32f4xx_usart.o
 .ARM.attributes
                0x000000ab       0x39 ..\obj\my_delay.o
 .ARM.attributes
                0x000000e4       0x39 ..\obj\startup_stm32f4xx.o
 .ARM.attributes
                0x0000011d       0x39 ..\obj\main.o
 .ARM.attributes
                0x00000156       0x39 ..\obj\stm32f4xx_rcc.o
 .ARM.attributes
                0x0000018f       0x39 ..\obj\stm32f4xx_adc.o
 .ARM.attributes
                0x000001c8       0x39 ..\obj\tm_stm32f4_delay.o
 .ARM.attributes
                0x00000201       0x39 ..\obj\stm32f4xx_gpio.o
 .ARM.attributes
                0x0000023a       0x39 ..\obj\peripheral.o
 .ARM.attributes
                0x00000273       0x39 ..\obj\system_stm32f4xx.o
 .ARM.attributes
                0x000002ac       0x39 ..\obj\syscalls.o
 .ARM.attributes
                0x000002e5       0x39 ..\obj\stm32f4xx_i2c.o
 .ARM.attributes
                0x0000031e       0x39 ..\obj\stm32f4xx_exti.o
 .ARM.attributes
                0x00000357       0x39 ..\obj\misc.o
 .ARM.attributes
                0x00000390       0x39 ..\obj\tm_stm32f4_gpio.o
 .ARM.attributes
                0x000003c9       0x39 ..\obj\tm_stm32f4_timer_properties.o
 .ARM.attributes
                0x00000402       0x39 ..\obj\stm32f4xx_tim.o
 .ARM.attributes
                0x0000043b       0x34 e:/gcc toolchain/5.4 2016q3/bin/../lib/gcc/arm-none-eabi/5.4.1/../../../../arm-none-eabi/lib/armv7e-m/fpu\libm.a(lib_a-w_atan2.o)
 .ARM.attributes
                0x0000046f       0x34 e:/gcc toolchain/5.4 2016q3/bin/../lib/gcc/arm-none-eabi/5.4.1/../../../../arm-none-eabi/lib/armv7e-m/fpu\libm.a(lib_a-w_pow.o)
 .ARM.attributes
                0x000004a3       0x34 e:/gcc toolchain/5.4 2016q3/bin/../lib/gcc/arm-none-eabi/5.4.1/../../../../arm-none-eabi/lib/armv7e-m/fpu\libm.a(lib_a-w_sqrt.o)
 .ARM.attributes
                0x000004d7       0x34 e:/gcc toolchain/5.4 2016q3/bin/../lib/gcc/arm-none-eabi/5.4.1/../../../../arm-none-eabi/lib/armv7e-m/fpu\libm.a(lib_a-e_atan2.o)
 .ARM.attributes
                0x0000050b       0x34 e:/gcc toolchain/5.4 2016q3/bin/../lib/gcc/arm-none-eabi/5.4.1/../../../../arm-none-eabi/lib/armv7e-m/fpu\libm.a(lib_a-e_pow.o)
 .ARM.attributes
                0x0000053f       0x34 e:/gcc toolchain/5.4 2016q3/bin/../lib/gcc/arm-none-eabi/5.4.1/../../../../arm-none-eabi/lib/armv7e-m/fpu\libm.a(lib_a-e_sqrt.o)
 .ARM.attributes
                0x00000573       0x34 e:/gcc toolchain/5.4 2016q3/bin/../lib/gcc/arm-none-eabi/5.4.1/../../../../arm-none-eabi/lib/armv7e-m/fpu\libm.a(lib_a-s_atan.o)
 .ARM.attributes
                0x000005a7       0x34 e:/gcc toolchain/5.4 2016q3/bin/../lib/gcc/arm-none-eabi/5.4.1/../../../../arm-none-eabi/lib/armv7e-m/fpu\libm.a(lib_a-s_fabs.o)
 .ARM.attributes
                0x000005db       0x34 e:/gcc toolchain/5.4 2016q3/bin/../lib/gcc/arm-none-eabi/5.4.1/../../../../arm-none-eabi/lib/armv7e-m/fpu\libm.a(lib_a-s_finite.o)
 .ARM.attributes
                0x0000060f       0x34 e:/gcc toolchain/5.4 2016q3/bin/../lib/gcc/arm-none-eabi/5.4.1/../../../../arm-none-eabi/lib/armv7e-m/fpu\libm.a(lib_a-s_lib_ver.o)
 .ARM.attributes
                0x00000643       0x34 e:/gcc toolchain/5.4 2016q3/bin/../lib/gcc/arm-none-eabi/5.4.1/../../../../arm-none-eabi/lib/armv7e-m/fpu\libm.a(lib_a-s_matherr.o)
 .ARM.attributes
                0x00000677       0x34 e:/gcc toolchain/5.4 2016q3/bin/../lib/gcc/arm-none-eabi/5.4.1/../../../../arm-none-eabi/lib/armv7e-m/fpu\libm.a(lib_a-s_nan.o)
 .ARM.attributes
                0x000006ab       0x34 e:/gcc toolchain/5.4 2016q3/bin/../lib/gcc/arm-none-eabi/5.4.1/../../../../arm-none-eabi/lib/armv7e-m/fpu\libm.a(lib_a-s_rint.o)
 .ARM.attributes
                0x000006df       0x34 e:/gcc toolchain/5.4 2016q3/bin/../lib/gcc/arm-none-eabi/5.4.1/../../../../arm-none-eabi/lib/armv7e-m/fpu\libm.a(lib_a-s_scalbn.o)
 .ARM.attributes
                0x00000713       0x34 e:/gcc toolchain/5.4 2016q3/bin/../lib/gcc/arm-none-eabi/5.4.1/../../../../arm-none-eabi/lib/armv7e-m/fpu\libm.a(lib_a-s_copysign.o)
 .ARM.attributes
                0x00000747       0x20 ..\..\..\..\..\..\gcc toolchain\5.4 2016q3\lib\gcc\arm-none-eabi\5.4.1\armv7e-m\fpu\fpv5-d16\libgcc.a(_arm_addsubdf3.o)
 .ARM.attributes
                0x00000767       0x20 ..\..\..\..\..\..\gcc toolchain\5.4 2016q3\lib\gcc\arm-none-eabi\5.4.1\armv7e-m\fpu\fpv5-d16\libgcc.a(_arm_muldivdf3.o)
 .ARM.attributes
                0x00000787       0x20 ..\..\..\..\..\..\gcc toolchain\5.4 2016q3\lib\gcc\arm-none-eabi\5.4.1\armv7e-m\fpu\fpv5-d16\libgcc.a(_arm_cmpdf2.o)
 .ARM.attributes
                0x000007a7       0x20 ..\..\..\..\..\..\gcc toolchain\5.4 2016q3\lib\gcc\arm-none-eabi\5.4.1\armv7e-m\fpu\fpv5-d16\libgcc.a(_arm_unorddf2.o)
 .ARM.attributes
                0x000007c7       0x20 ..\..\..\..\..\..\gcc toolchain\5.4 2016q3\lib\gcc\arm-none-eabi\5.4.1\armv7e-m\fpu\fpv5-d16\libgcc.a(_arm_fixdfsi.o)
 .ARM.attributes
                0x000007e7       0x20 ..\..\..\..\..\..\gcc toolchain\5.4 2016q3\lib\gcc\arm-none-eabi\5.4.1\armv7e-m\fpu\fpv5-d16\libgcc.a(_arm_fixunsdfsi.o)
 .ARM.attributes
                0x00000807       0x20 ..\..\..\..\..\..\gcc toolchain\5.4 2016q3\lib\gcc\arm-none-eabi\5.4.1\armv7e-m\fpu\fpv5-d16\libgcc.a(_arm_truncdfsf2.o)
 .ARM.attributes
                0x00000827       0x34 e:/gcc toolchain/5.4 2016q3/bin/../lib/gcc/arm-none-eabi/5.4.1/../../../../arm-none-eabi/lib/armv7e-m/fpu\libc.a(lib_a-errno.o)
 .ARM.attributes
                0x0000085b       0x34 e:/gcc toolchain/5.4 2016q3/bin/../lib/gcc/arm-none-eabi/5.4.1/../../../../arm-none-eabi/lib/armv7e-m/fpu\libc.a(lib_a-impure.o)
 .ARM.attributes
                0x0000088f       0x34 e:/gcc toolchain/5.4 2016q3/bin/../lib/gcc/arm-none-eabi/5.4.1/../../../../arm-none-eabi/lib/armv7e-m/fpu\libc.a(lib_a-mallocr.o)
 .ARM.attributes
                0x000008c3       0x34 e:/gcc toolchain/5.4 2016q3/bin/../lib/gcc/arm-none-eabi/5.4.1/../../../../arm-none-eabi/lib/armv7e-m/fpu\libc.a(lib_a-mlock.o)
 .ARM.attributes
                0x000008f7       0x34 e:/gcc toolchain/5.4 2016q3/bin/../lib/gcc/arm-none-eabi/5.4.1/../../../../arm-none-eabi/lib/armv7e-m/fpu\libc.a(lib_a-sbrkr.o)
 .ARM.attributes
                0x0000092b       0x34 e:/gcc toolchain/5.4 2016q3/bin/../lib/gcc/arm-none-eabi/5.4.1/../../../../arm-none-eabi/lib/armv7e-m/fpu\libc.a(lib_a-sprintf.o)
 .ARM.attributes
                0x0000095f       0x34 e:/gcc toolchain/5.4 2016q3/bin/../lib/gcc/arm-none-eabi/5.4.1/../../../../arm-none-eabi/lib/armv7e-m/fpu\libc.a(lib_a-svfprintf.o)
 .ARM.attributes
                0x00000993       0x34 e:/gcc toolchain/5.4 2016q3/bin/../lib/gcc/arm-none-eabi/5.4.1/../../../../arm-none-eabi/lib/armv7e-m/fpu\libc.a(lib_a-dtoa.o)
 .ARM.attributes
                0x000009c7       0x34 e:/gcc toolchain/5.4 2016q3/bin/../lib/gcc/arm-none-eabi/5.4.1/../../../../arm-none-eabi/lib/armv7e-m/fpu\libc.a(lib_a-freer.o)
 .ARM.attributes
                0x000009fb       0x34 e:/gcc toolchain/5.4 2016q3/bin/../lib/gcc/arm-none-eabi/5.4.1/../../../../arm-none-eabi/lib/armv7e-m/fpu\libc.a(lib_a-localeconv.o)
 .ARM.attributes
                0x00000a2f       0x20 e:/gcc toolchain/5.4 2016q3/bin/../lib/gcc/arm-none-eabi/5.4.1/../../../../arm-none-eabi/lib/armv7e-m/fpu\libc.a(lib_a-memchr.o)
 .ARM.attributes
                0x00000a4f       0x20 e:/gcc toolchain/5.4 2016q3/bin/../lib/gcc/arm-none-eabi/5.4.1/../../../../arm-none-eabi/lib/armv7e-m/fpu\libc.a(lib_a-memcpy.o)
 .ARM.attributes
                0x00000a6f       0x34 e:/gcc toolchain/5.4 2016q3/bin/../lib/gcc/arm-none-eabi/5.4.1/../../../../arm-none-eabi/lib/armv7e-m/fpu\libc.a(lib_a-mprec.o)
 .ARM.attributes
                0x00000aa3       0x34 e:/gcc toolchain/5.4 2016q3/bin/../lib/gcc/arm-none-eabi/5.4.1/../../../../arm-none-eabi/lib/armv7e-m/fpu\libc.a(lib_a-reent.o)
 .ARM.attributes
                0x00000ad7       0x20 e:/gcc toolchain/5.4 2016q3/bin/../lib/gcc/arm-none-eabi/5.4.1/../../../../arm-none-eabi/lib/armv7e-m/fpu\libc.a(lib_a-strlen.o)
 .ARM.attributes
                0x00000af7       0x34 e:/gcc toolchain/5.4 2016q3/bin/../lib/gcc/arm-none-eabi/5.4.1/../../../../arm-none-eabi/lib/armv7e-m/fpu\libc.a(lib_a-svfiprintf.o)
 .ARM.attributes
                0x00000b2b       0x34 e:/gcc toolchain/5.4 2016q3/bin/../lib/gcc/arm-none-eabi/5.4.1/../../../../arm-none-eabi/lib/armv7e-m/fpu\libc.a(lib_a-callocr.o)
 .ARM.attributes
                0x00000b5f       0x34 e:/gcc toolchain/5.4 2016q3/bin/../lib/gcc/arm-none-eabi/5.4.1/../../../../arm-none-eabi/lib/armv7e-m/fpu\libc.a(lib_a-locale.o)
 .ARM.attributes
                0x00000b93       0x34 e:/gcc toolchain/5.4 2016q3/bin/../lib/gcc/arm-none-eabi/5.4.1/../../../../arm-none-eabi/lib/armv7e-m/fpu\libc.a(lib_a-mbtowc_r.o)
 .ARM.attributes
                0x00000bc7       0x34 e:/gcc toolchain/5.4 2016q3/bin/../lib/gcc/arm-none-eabi/5.4.1/../../../../arm-none-eabi/lib/armv7e-m/fpu\libc.a(lib_a-memmove.o)
 .ARM.attributes
                0x00000bfb       0x34 e:/gcc toolchain/5.4 2016q3/bin/../lib/gcc/arm-none-eabi/5.4.1/../../../../arm-none-eabi/lib/armv7e-m/fpu\libc.a(lib_a-memset.o)
 .ARM.attributes
                0x00000c2f       0x34 e:/gcc toolchain/5.4 2016q3/bin/../lib/gcc/arm-none-eabi/5.4.1/../../../../arm-none-eabi/lib/armv7e-m/fpu\libc.a(lib_a-reallocr.o)
 .ARM.attributes
                0x00000c63       0x34 e:/gcc toolchain/5.4 2016q3/bin/../lib/gcc/arm-none-eabi/5.4.1/../../../../arm-none-eabi/lib/armv7e-m/fpu\libc.a(lib_a-wctomb_r.o)
 .ARM.attributes
                0x00000c97       0x34 e:/gcc toolchain/5.4 2016q3/bin/../lib/gcc/arm-none-eabi/5.4.1/../../../../arm-none-eabi/lib/armv7e-m/fpu\libc.a(lib_a-ctype_.o)
 .ARM.attributes
                0x00000ccb       0x20 ..\..\..\..\..\..\gcc toolchain\5.4 2016q3\lib\gcc\arm-none-eabi\5.4.1\armv7e-m\fpu\fpv5-d16\libgcc.a(_aeabi_uldivmod.o)
 .ARM.attributes
                0x00000ceb       0x32 ..\..\..\..\..\..\gcc toolchain\5.4 2016q3\lib\gcc\arm-none-eabi\5.4.1\armv7e-m\fpu\fpv5-d16\libgcc.a(_udivmoddi4.o)
 .ARM.attributes
                0x00000d1d       0x20 ..\..\..\..\..\..\gcc toolchain\5.4 2016q3\lib\gcc\arm-none-eabi\5.4.1\armv7e-m\fpu\fpv5-d16\libgcc.a(_dvmd_tls.o)

.debug_frame    0x00000000     0x480c
 .debug_frame   0x00000000       0xf4 ..\obj\stm32f4xx_syscfg.o
 .debug_frame   0x000000f4      0x2c4 ..\obj\tm_stm32f4_hd44780.o
 .debug_frame   0x000003b8      0x490 ..\obj\stm32f4xx_usart.o
 .debug_frame   0x00000848       0x58 ..\obj\my_delay.o
 .debug_frame   0x000008a0       0x4c ..\obj\startup_stm32f4xx.o
 .debug_frame   0x000008ec      0x438 ..\obj\main.o
 .debug_frame   0x00000d24      0x6d4 ..\obj\stm32f4xx_rcc.o
 .debug_frame   0x000013f8      0x5ec ..\obj\stm32f4xx_adc.o
 .debug_frame   0x000019e4      0x214 ..\obj\tm_stm32f4_delay.o
 .debug_frame   0x00001bf8      0x23c ..\obj\stm32f4xx_gpio.o
 .debug_frame   0x00001e34      0x3d8 ..\obj\peripheral.o
 .debug_frame   0x0000220c       0x7c ..\obj\system_stm32f4xx.o
 .debug_frame   0x00002288      0x168 ..\obj\syscalls.o
 .debug_frame   0x000023f0      0x530 ..\obj\stm32f4xx_i2c.o
 .debug_frame   0x00002920      0x148 ..\obj\stm32f4xx_exti.o
 .debug_frame   0x00002a68       0xd8 ..\obj\misc.o
 .debug_frame   0x00002b40      0x274 ..\obj\tm_stm32f4_gpio.o
 .debug_frame   0x00002db4       0xa4 ..\obj\tm_stm32f4_timer_properties.o
 .debug_frame   0x00002e58      0xe54 ..\obj\stm32f4xx_tim.o
 .debug_frame   0x00003cac       0x20 e:/gcc toolchain/5.4 2016q3/bin/../lib/gcc/arm-none-eabi/5.4.1/../../../../arm-none-eabi/lib/armv7e-m/fpu\libm.a(lib_a-w_atan2.o)
 .debug_frame   0x00003ccc       0x6c e:/gcc toolchain/5.4 2016q3/bin/../lib/gcc/arm-none-eabi/5.4.1/../../../../arm-none-eabi/lib/armv7e-m/fpu\libm.a(lib_a-w_pow.o)
 .debug_frame   0x00003d38       0x58 e:/gcc toolchain/5.4 2016q3/bin/../lib/gcc/arm-none-eabi/5.4.1/../../../../arm-none-eabi/lib/armv7e-m/fpu\libm.a(lib_a-w_sqrt.o)
 .debug_frame   0x00003d90       0x44 e:/gcc toolchain/5.4 2016q3/bin/../lib/gcc/arm-none-eabi/5.4.1/../../../../arm-none-eabi/lib/armv7e-m/fpu\libm.a(lib_a-e_atan2.o)
 .debug_frame   0x00003dd4       0x64 e:/gcc toolchain/5.4 2016q3/bin/../lib/gcc/arm-none-eabi/5.4.1/../../../../arm-none-eabi/lib/armv7e-m/fpu\libm.a(lib_a-e_pow.o)
 .debug_frame   0x00003e38       0x30 e:/gcc toolchain/5.4 2016q3/bin/../lib/gcc/arm-none-eabi/5.4.1/../../../../arm-none-eabi/lib/armv7e-m/fpu\libm.a(lib_a-e_sqrt.o)
 .debug_frame   0x00003e68       0x38 e:/gcc toolchain/5.4 2016q3/bin/../lib/gcc/arm-none-eabi/5.4.1/../../../../arm-none-eabi/lib/armv7e-m/fpu\libm.a(lib_a-s_atan.o)
 .debug_frame   0x00003ea0       0x20 e:/gcc toolchain/5.4 2016q3/bin/../lib/gcc/arm-none-eabi/5.4.1/../../../../arm-none-eabi/lib/armv7e-m/fpu\libm.a(lib_a-s_fabs.o)
 .debug_frame   0x00003ec0       0x20 e:/gcc toolchain/5.4 2016q3/bin/../lib/gcc/arm-none-eabi/5.4.1/../../../../arm-none-eabi/lib/armv7e-m/fpu\libm.a(lib_a-s_finite.o)
 .debug_frame   0x00003ee0       0x20 e:/gcc toolchain/5.4 2016q3/bin/../lib/gcc/arm-none-eabi/5.4.1/../../../../arm-none-eabi/lib/armv7e-m/fpu\libm.a(lib_a-s_matherr.o)
 .debug_frame   0x00003f00       0x20 e:/gcc toolchain/5.4 2016q3/bin/../lib/gcc/arm-none-eabi/5.4.1/../../../../arm-none-eabi/lib/armv7e-m/fpu\libm.a(lib_a-s_nan.o)
 .debug_frame   0x00003f20       0x3c e:/gcc toolchain/5.4 2016q3/bin/../lib/gcc/arm-none-eabi/5.4.1/../../../../arm-none-eabi/lib/armv7e-m/fpu\libm.a(lib_a-s_rint.o)
 .debug_frame   0x00003f5c       0x2c e:/gcc toolchain/5.4 2016q3/bin/../lib/gcc/arm-none-eabi/5.4.1/../../../../arm-none-eabi/lib/armv7e-m/fpu\libm.a(lib_a-s_scalbn.o)
 .debug_frame   0x00003f88       0x20 e:/gcc toolchain/5.4 2016q3/bin/../lib/gcc/arm-none-eabi/5.4.1/../../../../arm-none-eabi/lib/armv7e-m/fpu\libm.a(lib_a-s_copysign.o)
 .debug_frame   0x00003fa8       0x20 e:/gcc toolchain/5.4 2016q3/bin/../lib/gcc/arm-none-eabi/5.4.1/../../../../arm-none-eabi/lib/armv7e-m/fpu\libc.a(lib_a-errno.o)
 .debug_frame   0x00003fc8       0x58 e:/gcc toolchain/5.4 2016q3/bin/../lib/gcc/arm-none-eabi/5.4.1/../../../../arm-none-eabi/lib/armv7e-m/fpu\libc.a(lib_a-mallocr.o)
 .debug_frame   0x00004020       0x30 e:/gcc toolchain/5.4 2016q3/bin/../lib/gcc/arm-none-eabi/5.4.1/../../../../arm-none-eabi/lib/armv7e-m/fpu\libc.a(lib_a-mlock.o)
 .debug_frame   0x00004050       0x2c e:/gcc toolchain/5.4 2016q3/bin/../lib/gcc/arm-none-eabi/5.4.1/../../../../arm-none-eabi/lib/armv7e-m/fpu\libc.a(lib_a-sbrkr.o)
 .debug_frame   0x0000407c       0x84 e:/gcc toolchain/5.4 2016q3/bin/../lib/gcc/arm-none-eabi/5.4.1/../../../../arm-none-eabi/lib/armv7e-m/fpu\libc.a(lib_a-sprintf.o)
 .debug_frame   0x00004100       0x44 e:/gcc toolchain/5.4 2016q3/bin/../lib/gcc/arm-none-eabi/5.4.1/../../../../arm-none-eabi/lib/armv7e-m/fpu\libc.a(lib_a-svfprintf.o)
 .debug_frame   0x00004144       0x88 e:/gcc toolchain/5.4 2016q3/bin/../lib/gcc/arm-none-eabi/5.4.1/../../../../arm-none-eabi/lib/armv7e-m/fpu\libc.a(lib_a-dtoa.o)
 .debug_frame   0x000041cc       0x74 e:/gcc toolchain/5.4 2016q3/bin/../lib/gcc/arm-none-eabi/5.4.1/../../../../arm-none-eabi/lib/armv7e-m/fpu\libc.a(lib_a-freer.o)
 .debug_frame   0x00004240       0x40 e:/gcc toolchain/5.4 2016q3/bin/../lib/gcc/arm-none-eabi/5.4.1/../../../../arm-none-eabi/lib/armv7e-m/fpu\libc.a(lib_a-localeconv.o)
 .debug_frame   0x00004280      0x264 e:/gcc toolchain/5.4 2016q3/bin/../lib/gcc/arm-none-eabi/5.4.1/../../../../arm-none-eabi/lib/armv7e-m/fpu\libc.a(lib_a-mprec.o)
 .debug_frame   0x000044e4       0x58 e:/gcc toolchain/5.4 2016q3/bin/../lib/gcc/arm-none-eabi/5.4.1/../../../../arm-none-eabi/lib/armv7e-m/fpu\libc.a(lib_a-reent.o)
 .debug_frame   0x0000453c       0x78 e:/gcc toolchain/5.4 2016q3/bin/../lib/gcc/arm-none-eabi/5.4.1/../../../../arm-none-eabi/lib/armv7e-m/fpu\libc.a(lib_a-svfiprintf.o)
 .debug_frame   0x000045b4       0x28 e:/gcc toolchain/5.4 2016q3/bin/../lib/gcc/arm-none-eabi/5.4.1/../../../../arm-none-eabi/lib/armv7e-m/fpu\libc.a(lib_a-callocr.o)
 .debug_frame   0x000045dc       0x84 e:/gcc toolchain/5.4 2016q3/bin/../lib/gcc/arm-none-eabi/5.4.1/../../../../arm-none-eabi/lib/armv7e-m/fpu\libc.a(lib_a-locale.o)
 .debug_frame   0x00004660       0x4c e:/gcc toolchain/5.4 2016q3/bin/../lib/gcc/arm-none-eabi/5.4.1/../../../../arm-none-eabi/lib/armv7e-m/fpu\libc.a(lib_a-mbtowc_r.o)
 .debug_frame   0x000046ac       0x30 e:/gcc toolchain/5.4 2016q3/bin/../lib/gcc/arm-none-eabi/5.4.1/../../../../arm-none-eabi/lib/armv7e-m/fpu\libc.a(lib_a-memmove.o)
 .debug_frame   0x000046dc       0x34 e:/gcc toolchain/5.4 2016q3/bin/../lib/gcc/arm-none-eabi/5.4.1/../../../../arm-none-eabi/lib/armv7e-m/fpu\libc.a(lib_a-memset.o)
 .debug_frame   0x00004710       0x60 e:/gcc toolchain/5.4 2016q3/bin/../lib/gcc/arm-none-eabi/5.4.1/../../../../arm-none-eabi/lib/armv7e-m/fpu\libc.a(lib_a-reallocr.o)
 .debug_frame   0x00004770       0x3c e:/gcc toolchain/5.4 2016q3/bin/../lib/gcc/arm-none-eabi/5.4.1/../../../../arm-none-eabi/lib/armv7e-m/fpu\libc.a(lib_a-wctomb_r.o)
 .debug_frame   0x000047ac       0x2c ..\..\..\..\..\..\gcc toolchain\5.4 2016q3\lib\gcc\arm-none-eabi\5.4.1\armv7e-m\fpu\fpv5-d16\libgcc.a(_aeabi_uldivmod.o)
 .debug_frame   0x000047d8       0x34 ..\..\..\..\..\..\gcc toolchain\5.4 2016q3\lib\gcc\arm-none-eabi\5.4.1\armv7e-m\fpu\fpv5-d16\libgcc.a(_udivmoddi4.o)
